 node_windows

 Timestamp is 5b93827c (Sat Sep  8 16:04:12 2018)

 Preferred load address is 0000000180000000

 Start         Length     Name                   Class
 0001:00000000 00000120H .text$di                CODE
 0001:00000120 00026140H .text$mn                CODE
 0001:00026260 00000020H .text$mn$00             CODE
 0001:00026280 00000500H .text$x                 CODE
 0001:00026780 0000013eH .text$yd                CODE
 0002:00000000 000002f0H .idata$5                DATA
 0002:000002f0 00000010H .00cfg                  DATA
 0002:00000300 00000008H .CRT$XCA                DATA
 0002:00000308 00000038H .CRT$XCC                DATA
 0002:00000340 00000010H .CRT$XCL                DATA
 0002:00000350 00000010H .CRT$XCU                DATA
 0002:00000360 00000008H .CRT$XCZ                DATA
 0002:00000368 00000008H .CRT$XIA                DATA
 0002:00000370 00000028H .CRT$XIC                DATA
 0002:00000398 00000008H .CRT$XIZ                DATA
 0002:000003a0 00000008H .CRT$XPA                DATA
 0002:000003a8 00000010H .CRT$XPX                DATA
 0002:000003b8 00000008H .CRT$XPXA               DATA
 0002:000003c0 00000008H .CRT$XPZ                DATA
 0002:000003c8 00000008H .CRT$XTA                DATA
 0002:000003d0 00000010H .CRT$XTZ                DATA
 0002:000003d8 00000000H .gfids$y                DATA
 0002:000003e0 00011bc0H .rdata                  DATA
 0002:00011fa0 00001064H .rdata$r                DATA
 0002:00013004 000003f4H .rdata$zzzdbg           DATA
 0002:000133f8 00000008H .rtc$IAA                DATA
 0002:00013400 00000008H .rtc$IZZ                DATA
 0002:00013408 00000008H .rtc$TAA                DATA
 0002:00013410 00000010H .rtc$TZZ                DATA
 0002:00013420 000020b0H .xdata                  DATA
 0002:000154d0 000003ecH .xdata$x                DATA
 0002:000158bc 00000020H .didat$2                DATA
 0002:000158dc 00000024H .didat$3                DATA
 0002:00015900 00000060H .didat$4                DATA
 0002:00015960 00000300H .didat$6                DATA
 0002:00015c60 00000060H .didat$7                DATA
 0002:00015cc0 00000058H .edata                  DATA
 0002:00015d18 0000003cH .idata$2                DATA
 0002:00015d54 00000014H .idata$3                DATA
 0002:00015d68 000002f0H .idata$4                DATA
 0002:00016058 0000067eH .idata$6                DATA
 0003:00000000 00000c00H .data                   DATA
 0003:00000c00 00000638H .data$r                 DATA
 0003:00001238 00000068H .didat$5                DATA
 0003:000012a0 00001998H .bss                    DATA
 0004:00000000 00002310H .pdata                  DATA
 0005:00000000 00000060H .rsrc$01                DATA
 0005:00000060 00000180H .rsrc$02                DATA

  Address         Publics by Value              Rva+Base               Lib:Object

 0000:00000000       __guard_fids_count         0000000000000000     <absolute>
 0000:00000000       __guard_iat_count          0000000000000000     <absolute>
 0000:00000000       __hybrid_code_map_count    0000000000000000     <absolute>
 0000:00000000       __guard_longjmp_count      0000000000000000     <absolute>
 0000:00000000       __guard_longjmp_table      0000000000000000     <absolute>
 0000:00000000       __volatile_metadata        0000000000000000     <absolute>
 0000:00000000       __guard_iat_table          0000000000000000     <absolute>
 0000:00000000       __hybrid_code_map          0000000000000000     <absolute>
 0000:00000000       ___safe_se_handler_count   0000000000000000     <absolute>
 0000:00000000       __enclave_config           0000000000000000     <absolute>
 0000:00000000       ___safe_se_handler_table   0000000000000000     <absolute>
 0000:00000000       __guard_fids_table         0000000000000000     <absolute>
 0000:00000000       __hybrid_auxiliary_iat     0000000000000000     <absolute>
 0000:00000000       __dynamic_value_reloc_table 0000000000000000     <absolute>
 0000:00000100       __guard_flags              0000000000000100     <absolute>
 0000:00000000       __ImageBase                0000000180000000     <linker-defined>
 0001:00000120       __local_stdio_printf_options 0000000180001120 f i node_windows.obj
 0001:00000130       sprintf_s                  0000000180001130 f i node_windows.obj
 0001:00000190       ?what@exception@stdext@@UEBAPEBDXZ 0000000180001190 f i node_windows.obj
 0001:000001b0       ?_Raise@exception@stdext@@QEBAXXZ 00000001800011b0 f i node_windows.obj
 0001:000001f0       _guard_check_icall_nop     00000001800011f0 f i LIBCMT:guard_support.obj
 0001:000001f0       ?_Unlock@?$basic_streambuf@DU?$char_traits@D@std@@@std@@UEAAXXZ 00000001800011f0 f i libcpmt:cout.obj
 0001:000001f0       ?_Lock@?$basic_streambuf@DU?$char_traits@D@std@@@std@@UEAAXXZ 00000001800011f0 f i libcpmt:cout.obj
 0001:000001f0       ?imbue@?$basic_streambuf@DU?$char_traits@D@std@@@std@@MEAAXAEBVlocale@2@@Z 00000001800011f0 f i libcpmt:cout.obj
 0001:000001f0       ?_Doraise@exception@stdext@@MEBAXXZ 00000001800011f0 f i node_windows.obj
 0001:00000200       ??_Eruntime_error@std@@UEAAPEAXI@Z 0000000180001200 f i * CIL library *:* CIL module *
 0001:00000200       ??_Eexception@stdext@@UEAAPEAXI@Z 0000000180001200 f i * CIL library *:* CIL module *
 0001:00000200       ??_Gexception@stdext@@UEAAPEAXI@Z 0000000180001200 f i node_windows.obj
 0001:00000200       ??_Gruntime_error@std@@UEAAPEAXI@Z 0000000180001200 f i node_windows.obj
 0001:00000230       ??0runtime_error@std@@QEAA@PEBD@Z 0000000180001230 f i node_windows.obj
 0001:00000250       ??0_Locinfo@std@@QEAA@PEBD@Z 0000000180001250 f i node_windows.obj
 0001:000002d0       ??1_Locinfo@std@@QEAA@XZ   00000001800012d0 f i node_windows.obj
 0001:00000370       ??_G_Facet_base@std@@UEAAPEAXI@Z 0000000180001370 f i node_windows.obj
 0001:00000370       ??_E_Facet_base@std@@UEAAPEAXI@Z 0000000180001370 f i * CIL library *:* CIL module *
 0001:000003a0       ?_Incref@facet@locale@std@@UEAAXXZ 00000001800013a0 f i node_windows.obj
 0001:000003b0       ?_Decref@facet@locale@std@@UEAAPEAV_Facet_base@3@XZ 00000001800013b0 f i node_windows.obj
 0001:000003c0       ?do_tolower@?$ctype@D@std@@MEBADD@Z 00000001800013c0 f i node_windows.obj
 0001:000003d0       ?do_tolower@?$ctype@D@std@@MEBAPEBDPEADPEBD@Z 00000001800013d0 f i node_windows.obj
 0001:00000430       ?do_toupper@?$ctype@D@std@@MEBADD@Z 0000000180001430 f i node_windows.obj
 0001:00000440       ?do_toupper@?$ctype@D@std@@MEBAPEBDPEADPEBD@Z 0000000180001440 f i node_windows.obj
 0001:000004a0       ?do_widen@?$ctype@D@std@@MEBADD@Z 00000001800014a0 f i node_windows.obj
 0001:000004a0       ?do_narrow@?$ctype@D@std@@MEBADDD@Z 00000001800014a0 f i node_windows.obj
 0001:000004b0       ?do_widen@?$ctype@D@std@@MEBAPEBDPEBD0PEAD@Z 00000001800014b0 f i node_windows.obj
 0001:000004d0       ?do_narrow@?$ctype@D@std@@MEBAPEBDPEBD0DPEAD@Z 00000001800014d0 f i node_windows.obj
 0001:000004f0       ??_G?$ctype@D@std@@MEAAPEAXI@Z 00000001800014f0 f i node_windows.obj
 0001:000004f0       ??_E?$ctype@D@std@@MEAAPEAXI@Z 00000001800014f0 f i * CIL library *:* CIL module *
 0001:00000560       ?default_error_condition@error_category@std@@UEBA?AVerror_condition@2@H@Z 0000000180001560 f i node_windows.obj
 0001:00000570       ?equivalent@error_category@std@@UEBA_NHAEBVerror_condition@2@@Z 0000000180001570 f i node_windows.obj
 0001:000005b0       ?equivalent@error_category@std@@UEBA_NAEBVerror_code@2@H@Z 00000001800015b0 f i node_windows.obj
 0001:000005d0       ?make_error_code@std@@YA?AVerror_code@1@W4io_errc@1@@Z 00000001800015d0 f i node_windows.obj
 0001:00000620       ??0_System_error@std@@IEAA@Verror_code@1@AEBV?$basic_string@DU?$char_traits@D@std@@V?$allocator@D@2@@1@@Z 0000000180001620 f i node_windows.obj
 0001:00000850       ??_Efailure@ios_base@std@@UEAAPEAXI@Z 0000000180001850 f i * CIL library *:* CIL module *
 0001:00000850       ??_Gsystem_error@std@@UEAAPEAXI@Z 0000000180001850 f i node_windows.obj
 0001:00000850       ??_G_System_error@std@@UEAAPEAXI@Z 0000000180001850 f i node_windows.obj
 0001:00000850       ??_Gfailure@ios_base@std@@UEAAPEAXI@Z 0000000180001850 f i node_windows.obj
 0001:00000850       ??_Esystem_error@std@@UEAAPEAXI@Z 0000000180001850 f i * CIL library *:* CIL module *
 0001:00000850       ??_E_System_error@std@@UEAAPEAXI@Z 0000000180001850 f i * CIL library *:* CIL module *
 0001:00000880       ?name@_Iostream_error_category@std@@UEBAPEBDXZ 0000000180001880 f i node_windows.obj
 0001:00000890       ?message@_Iostream_error_category@std@@UEBA?AV?$basic_string@DU?$char_traits@D@std@@V?$allocator@D@2@@2@H@Z 0000000180001890 f i node_windows.obj
 0001:000008e0       ??_G_Iostream_error_category@std@@UEAAPEAXI@Z 00000001800018e0 f i node_windows.obj
 0001:000008e0       ??_E_Iostream_error_category@std@@UEAAPEAXI@Z 00000001800018e0 f i * CIL library *:* CIL module *
 0001:00000910       ??0failure@ios_base@std@@QEAA@PEBDAEBVerror_code@2@@Z 0000000180001910 f i node_windows.obj
 0001:000009c0       ??1failure@ios_base@std@@UEAA@XZ 00000001800019c0 f i node_windows.obj
 0001:000009d0       ?getInfoFromWMI@@YAHPEBDPEB_WAEAPEA_W@Z 00000001800019d0 f   node_windows.obj
 0001:00000f00       ?Method@demo@@YAXAEBV?$FunctionCallbackInfo@VValue@v8@@@v8@@@Z 0000000180001f00 f   node_windows.obj
 0001:00001120       ?init@demo@@YAXV?$Local@VObject@v8@@@v8@@@Z 0000000180002120 f   node_windows.obj
 0001:00001210       ??1?$basic_string@DU?$char_traits@D@std@@V?$allocator@D@2@@std@@QEAA@XZ 0000000180002210 f i node_windows.obj
 0001:00001270       ??0?$basic_string@DU?$char_traits@D@std@@V?$allocator@D@2@@std@@QEAA@_KD@Z 0000000180002270 f i node_windows.obj
 0001:000013e0       ??0?$basic_string@DU?$char_traits@D@std@@V?$allocator@D@2@@std@@QEAA@QEBD@Z 00000001800023e0 f i node_windows.obj
 0001:00001550       ??6?$basic_ostream@DU?$char_traits@D@std@@@std@@QEAAAEAV01@J@Z 0000000180002550 f i node_windows.obj
 0001:00001750       ??0sentry@?$basic_ostream@DU?$char_traits@D@std@@@std@@QEAA@AEAV12@@Z 0000000180002750 f i node_windows.obj
 0001:000017c0       ?do_put@?$num_put@DV?$ostreambuf_iterator@DU?$char_traits@D@std@@@std@@@std@@MEBA?AV?$ostreambuf_iterator@DU?$char_traits@D@std@@@2@V32@AEAVios_base@2@DPEBX@Z 00000001800027c0 f i node_windows.obj
 0001:00001860       ?do_put@?$num_put@DV?$ostreambuf_iterator@DU?$char_traits@D@std@@@std@@@std@@MEBA?AV?$ostreambuf_iterator@DU?$char_traits@D@std@@@2@V32@AEAVios_base@2@DO@Z 0000000180002860 f i node_windows.obj
 0001:00001b40       ?do_put@?$num_put@DV?$ostreambuf_iterator@DU?$char_traits@D@std@@@std@@@std@@MEBA?AV?$ostreambuf_iterator@DU?$char_traits@D@std@@@2@V32@AEAVios_base@2@DN@Z 0000000180002b40 f i node_windows.obj
 0001:00001e20       ?do_put@?$num_put@DV?$ostreambuf_iterator@DU?$char_traits@D@std@@@std@@@std@@MEBA?AV?$ostreambuf_iterator@DU?$char_traits@D@std@@@2@V32@AEAVios_base@2@D_K@Z 0000000180002e20 f i node_windows.obj
 0001:00001f40       ?do_put@?$num_put@DV?$ostreambuf_iterator@DU?$char_traits@D@std@@@std@@@std@@MEBA?AV?$ostreambuf_iterator@DU?$char_traits@D@std@@@2@V32@AEAVios_base@2@D_J@Z 0000000180002f40 f i node_windows.obj
 0001:00002060       ?do_put@?$num_put@DV?$ostreambuf_iterator@DU?$char_traits@D@std@@@std@@@std@@MEBA?AV?$ostreambuf_iterator@DU?$char_traits@D@std@@@2@V32@AEAVios_base@2@DK@Z 0000000180003060 f i node_windows.obj
 0001:00002180       ?do_put@?$num_put@DV?$ostreambuf_iterator@DU?$char_traits@D@std@@@std@@@std@@MEBA?AV?$ostreambuf_iterator@DU?$char_traits@D@std@@@2@V32@AEAVios_base@2@DJ@Z 0000000180003180 f i node_windows.obj
 0001:000022a0       ?do_put@?$num_put@DV?$ostreambuf_iterator@DU?$char_traits@D@std@@@std@@@std@@MEBA?AV?$ostreambuf_iterator@DU?$char_traits@D@std@@@2@V32@AEAVios_base@2@D_N@Z 00000001800032a0 f i node_windows.obj
 0001:000025a0       ?append@?$basic_string@DU?$char_traits@D@std@@V?$allocator@D@2@@std@@QEAAAEAV12@QEBD_K@Z 00000001800035a0 f i node_windows.obj
 0001:00002620       ?setstate@?$basic_ios@DU?$char_traits@D@std@@@std@@QEAAXH_N@Z 0000000180003620 f i node_windows.obj
 0001:000026a0       ??_E?$codecvt@DDU_Mbstatet@@@std@@MEAAPEAXI@Z 00000001800036a0 f i libcpmt:cout.obj
 0001:000026a0       ??_G?$codecvt@DDU_Mbstatet@@@std@@MEAAPEAXI@Z 00000001800036a0 f i libcpmt:cout.obj
 0001:000026a0       ??_E?$num_put@DV?$ostreambuf_iterator@DU?$char_traits@D@std@@@std@@@std@@MEAAPEAXI@Z 00000001800036a0 f i * CIL library *:* CIL module *
 0001:000026a0       ??_G?$num_put@DV?$ostreambuf_iterator@DU?$char_traits@D@std@@@std@@@std@@MEAAPEAXI@Z 00000001800036a0 f i node_windows.obj
 0001:000026d0       ?do_truename@?$numpunct@D@std@@MEBA?AV?$basic_string@DU?$char_traits@D@std@@V?$allocator@D@2@@2@XZ 00000001800036d0 f i node_windows.obj
 0001:000026f0       ?do_falsename@?$numpunct@D@std@@MEBA?AV?$basic_string@DU?$char_traits@D@std@@V?$allocator@D@2@@2@XZ 00000001800036f0 f i node_windows.obj
 0001:00002710       ?do_grouping@?$numpunct@D@std@@MEBA?AV?$basic_string@DU?$char_traits@D@std@@V?$allocator@D@2@@2@XZ 0000000180003710 f i node_windows.obj
 0001:00002730       ?do_thousands_sep@?$numpunct@D@std@@MEBADXZ 0000000180003730 f i node_windows.obj
 0001:00002740       ?do_decimal_point@?$numpunct@D@std@@MEBADXZ 0000000180003740 f i node_windows.obj
 0001:00002750       ?_Iput@?$num_put@DV?$ostreambuf_iterator@DU?$char_traits@D@std@@@std@@@std@@AEBA?AV?$ostreambuf_iterator@DU?$char_traits@D@std@@@2@V32@AEAVios_base@2@DPEAD_K@Z 0000000180003750 f i node_windows.obj
 0001:00002dc0       ?_Fput@?$num_put@DV?$ostreambuf_iterator@DU?$char_traits@D@std@@@std@@@std@@AEBA?AV?$ostreambuf_iterator@DU?$char_traits@D@std@@@2@V32@AEAVios_base@2@DPEBD_K@Z 0000000180003dc0 f i node_windows.obj
 0001:000034b0       ?flush@?$basic_ostream@DU?$char_traits@D@std@@@std@@QEAAAEAV12@XZ 00000001800044b0 f i node_windows.obj
 0001:00003580       ??_E?$numpunct@D@std@@MEAAPEAXI@Z 0000000180004580 f i * CIL library *:* CIL module *
 0001:00003580       ??_G?$numpunct@D@std@@MEAAPEAXI@Z 0000000180004580 f i node_windows.obj
 0001:000035e0       ?_Erase@?$_Tree@V?$_Tmap_traits@PEBDPEADU?$less@PEBD@std@@V?$allocator@U?$pair@QEBDPEAD@std@@@2@$0A@@std@@@std@@IEAAXPEAU?$_Tree_node@U?$pair@QEBDPEAD@std@@PEAX@2@@Z 00000001800045e0 f i node_windows.obj
 0001:00003640       ?_Xran@?$_String_val@U?$_Simple_types@D@std@@@std@@SAXXZ 0000000180004640 f i node_windows.obj
 0001:00003660       ??$use_facet@V?$ctype@D@std@@@std@@YAAEBV?$ctype@D@0@AEBVlocale@0@@Z 0000000180004660 f i node_windows.obj
 0001:00003860       ??$?6U?$char_traits@D@std@@@std@@YAAEAV?$basic_ostream@DU?$char_traits@D@std@@@0@AEAV10@PEBD@Z 0000000180004860 f i node_windows.obj
 0001:00003b10       ??$endl@DU?$char_traits@D@std@@@std@@YAAEAV?$basic_ostream@DU?$char_traits@D@std@@@0@AEAV10@@Z 0000000180004b10 f i node_windows.obj
 0001:00003bb0       ??$use_facet@V?$num_put@DV?$ostreambuf_iterator@DU?$char_traits@D@std@@@std@@@std@@@std@@YAAEBV?$num_put@DV?$ostreambuf_iterator@DU?$char_traits@D@std@@@std@@@0@AEBVlocale@0@@Z 0000000180004bb0 f i node_windows.obj
 0001:00003d90       ??$use_facet@V?$numpunct@D@std@@@std@@YAAEBV?$numpunct@D@0@AEBVlocale@0@@Z 0000000180004d90 f i node_windows.obj
 0001:00004350       ??1?$unique_ptr@V_Facet_base@std@@U?$default_delete@V_Facet_base@std@@@2@@std@@QEAA@XZ 0000000180005350 f i node_windows.obj
 0001:00004370       ?_Getcat@?$numpunct@D@std@@SA_KPEAPEBVfacet@locale@2@PEBV42@@Z 0000000180005370 f i node_windows.obj
 0001:00004560       ?_Xlen@?$basic_string@DU?$char_traits@D@std@@V?$allocator@D@2@@std@@SAXXZ 0000000180005560 f i node_windows.obj
 0001:00004580       ?put@?$basic_ostream@DU?$char_traits@D@std@@@std@@QEAAAEAV12@D@Z 0000000180005580 f i node_windows.obj
 0001:00004710       ?widen@?$basic_ios@DU?$char_traits@D@std@@@std@@QEBADD@Z 0000000180005710 f i node_windows.obj
 0001:00004780       ??$_Immortalize_impl@V_Iostream_error_category@std@@@std@@YAHPEAX0PEAPEAX@Z 0000000180005780 f i node_windows.obj
 0001:000047a0       ??$_Insert_nohint@AEAU?$pair@QEBDPEAD@std@@PEAU?$_Tree_node@U?$pair@QEBDPEAD@std@@PEAX@2@@?$_Tree@V?$_Tmap_traits@PEBDPEADU?$less@PEBD@std@@V?$allocator@U?$pair@QEBDPEAD@std@@@2@$0A@@std@@@std@@IEAA?AU?$pair@V?$_Tree_iterator@V?$_Tree_val@U?$_Tree_simple_types@U?$pair@QEBDPEAD@std@@@std@@@std@@@std@@_N@1@_NAEAU?$pair@QEBDPEAD@1@PEAU?$_Tree_node@U?$pair@QEBDPEAD@std@@PEAX@1@@Z 00000001800057a0 f i node_windows.obj
 0001:000048d0       ?_Destroy_if_node@?$_Tree@V?$_Tmap_traits@PEBDPEADU?$less@PEBD@std@@V?$allocator@U?$pair@QEBDPEAD@std@@@2@$0A@@std@@@std@@IEAAXPEAU?$_Tree_node@U?$pair@QEBDPEAD@std@@PEAX@2@@Z 00000001800058d0 f i node_windows.obj
 0001:000048e0       ??$_Insert_at@AEAU?$pair@QEBDPEAD@std@@PEAU?$_Tree_node@U?$pair@QEBDPEAD@std@@PEAX@2@@?$_Tree@V?$_Tmap_traits@PEBDPEADU?$less@PEBD@std@@V?$allocator@U?$pair@QEBDPEAD@std@@@2@$0A@@std@@@std@@IEAA?AV?$_Tree_iterator@V?$_Tree_val@U?$_Tree_simple_types@U?$pair@QEBDPEAD@std@@@std@@@std@@@1@_NPEAU?$_Tree_node@U?$pair@QEBDPEAD@std@@PEAX@1@AEAU?$pair@QEBDPEAD@1@1@Z 00000001800058e0 f i node_windows.obj
 0001:00004b90       ??$_Insert_hint@AEAU?$pair@QEBDPEAD@std@@PEAU?$_Tree_node@U?$pair@QEBDPEAD@std@@PEAX@2@@?$_Tree@V?$_Tmap_traits@PEBDPEADU?$less@PEBD@std@@V?$allocator@U?$pair@QEBDPEAD@std@@@2@$0A@@std@@@std@@IEAA?AV?$_Tree_iterator@V?$_Tree_val@U?$_Tree_simple_types@U?$pair@QEBDPEAD@std@@@std@@@std@@@1@V?$_Tree_const_iterator@V?$_Tree_val@U?$_Tree_simple_types@U?$pair@QEBDPEAD@std@@@std@@@std@@@1@AEAU?$pair@QEBDPEAD@1@PEAU?$_Tree_node@U?$pair@QEBDPEAD@std@@PEAX@1@@Z 0000000180005b90 f i node_windows.obj
 0001:00004efc       __imp_load_?GetCurrent@Isolate@v8@@SAPEAV12@XZ 0000000180005efc f   node:node.exe
 0001:00004f08       __tailMerge_node_exe       0000000180005f08     node:node.exe
 0001:00004f81       __imp_load_??1HandleScope@v8@@QEAA@XZ 0000000180005f81 f   node:node.exe
 0001:00004f8d       __imp_load_??0HandleScope@v8@@QEAA@PEAVIsolate@1@@Z 0000000180005f8d f   node:node.exe
 0001:00004f99       __imp_load_?GetFunction@FunctionTemplate@v8@@QEAA?AV?$Local@VFunction@v8@@@2@XZ 0000000180005f99 f   node:node.exe
 0001:00004fa5       __imp_load_?New@FunctionTemplate@v8@@SA?AV?$Local@VFunctionTemplate@v8@@@2@PEAVIsolate@2@P6AXAEBV?$FunctionCallbackInfo@VValue@v8@@@2@@ZV?$Local@VValue@v8@@@2@V?$Local@VSignature@v8@@@2@HW4ConstructorBehavior@2@W4SideEffectType@2@@Z 0000000180005fa5 f   node:node.exe
 0001:00004fb1       __imp_load_?ToLocalEmpty@V8@v8@@CAXXZ 0000000180005fb1 f   node:node.exe
 0001:00004fbd       __imp_load_?NewFromUtf8@String@v8@@SA?AV?$Local@VString@v8@@@2@PEAVIsolate@2@PEBDW4NewStringType@12@H@Z 0000000180005fbd f   node:node.exe
 0001:00004fc9       __imp_load_?NewFromUtf8@String@v8@@SA?AV?$MaybeLocal@VString@v8@@@2@PEAVIsolate@2@PEBDW4NewStringType@2@H@Z 0000000180005fc9 f   node:node.exe
 0001:00004fd5       __imp_load_?Set@Object@v8@@QEAA_NV?$Local@VValue@v8@@@2@0@Z 0000000180005fd5 f   node:node.exe
 0001:00004fe1       __imp_load_?SetName@Function@v8@@QEAAXV?$Local@VString@v8@@@2@@Z 0000000180005fe1 f   node:node.exe
 0001:00004fed       __imp_load_node_module_register 0000000180005fed f   node:node.exe
 0001:00004ffc       ??0_Init_locks@std@@QEAA@XZ 0000000180005ffc f   libcpmt:xlock.obj
 0001:00005048       ??0_Lockit@std@@QEAA@H@Z   0000000180006048 f   libcpmt:xlock.obj
 0001:00005084       ??1_Init_locks@std@@QEAA@XZ 0000000180006084 f   libcpmt:xlock.obj
 0001:000050c8       ??1_Lockit@std@@QEAA@XZ    00000001800060c8 f   libcpmt:xlock.obj
 0001:000050fc       ??0_System_error@std@@QEAA@AEBV01@@Z 00000001800060fc f i libcpmt:xonce.obj
 0001:00005150       ??0exception@std@@QEAA@AEBV01@@Z 0000000180006150 f i libcpmt:xonce.obj
 0001:00005188       ??0runtime_error@std@@QEAA@AEBV01@@Z 0000000180006188 f i libcpmt:xonce.obj
 0001:000051c8       ??0system_error@std@@QEAA@AEBV01@@Z 00000001800061c8 f i libcpmt:xonce.obj
 0001:00005224       ??_Gout_of_range@std@@UEAAPEAXI@Z 0000000180006224 f i libcpmt:xthrow.obj
 0001:00005224       ??_Glogic_error@std@@UEAAPEAXI@Z 0000000180006224 f i libcpmt:xthrow.obj
 0001:00005224       ??_Ebad_array_new_length@std@@UEAAPEAXI@Z 0000000180006224 f i LIBCMT:throw_bad_alloc.obj
 0001:00005224       ??_Gexception@std@@UEAAPEAXI@Z 0000000180006224 f i libcpmt:xonce.obj
 0001:00005224       ??_Gbad_alloc@std@@UEAAPEAXI@Z 0000000180006224 f i libcpmt:xthrow.obj
 0001:00005224       ??_Ebad_alloc@std@@UEAAPEAXI@Z 0000000180006224 f i libcpmt:xthrow.obj
 0001:00005224       ??_Ebad_exception@std@@UEAAPEAXI@Z 0000000180006224 f i libvcruntime:frame.obj
 0001:00005224       ??_Eexception@std@@UEAAPEAXI@Z 0000000180006224 f i libcpmt:xonce.obj
 0001:00005224       ??_Elength_error@std@@UEAAPEAXI@Z 0000000180006224 f i libcpmt:xthrow.obj
 0001:00005224       ??_Gbad_array_new_length@std@@UEAAPEAXI@Z 0000000180006224 f i LIBCMT:throw_bad_alloc.obj
 0001:00005224       ??_Gbad_cast@std@@UEAAPEAXI@Z 0000000180006224 f i libcpmt:cout.obj
 0001:00005224       ??_Ebad_cast@std@@UEAAPEAXI@Z 0000000180006224 f i libcpmt:cout.obj
 0001:00005224       ??_Glength_error@std@@UEAAPEAXI@Z 0000000180006224 f i libcpmt:xthrow.obj
 0001:00005224       ??_Gbad_exception@std@@UEAAPEAXI@Z 0000000180006224 f i libvcruntime:frame.obj
 0001:00005224       ??_Elogic_error@std@@UEAAPEAXI@Z 0000000180006224 f i libcpmt:xthrow.obj
 0001:00005224       ??_Eout_of_range@std@@UEAAPEAXI@Z 0000000180006224 f i libcpmt:xthrow.obj
 0001:00005268       ?_Execute_once@std@@YAHAEAUonce_flag@1@P6AHPEAX1PEAPEAX@Z1@Z 0000000180006268 f   libcpmt:xonce.obj
 0001:00005270       ?what@exception@std@@UEBAPEBDXZ 0000000180006270 f i libcpmt:xonce.obj
 0001:000053e0       ??$use_facet@V?$codecvt@DDU_Mbstatet@@@std@@@std@@YAAEBV?$codecvt@DDU_Mbstatet@@@0@AEBVlocale@0@@Z 00000001800063e0 f i libcpmt:cout.obj
 0001:00005514       ??0?$basic_ostream@DU?$char_traits@D@std@@@std@@QEAA@PEAV?$basic_streambuf@DU?$char_traits@D@std@@@1@_N@Z 0000000180006514 f i libcpmt:cout.obj
 0001:00005590       ??0?$basic_streambuf@DU?$char_traits@D@std@@@std@@IEAA@XZ 0000000180006590 f i libcpmt:cout.obj
 0001:00005640       ??0_Init_cout@std@@QEAA@XZ 0000000180006640 f i libcpmt:cout.obj
 0001:000056ac       ??0bad_cast@std@@QEAA@AEBV01@@Z 00000001800066ac f i libcpmt:cout.obj
 0001:000056ec       ??0bad_cast@std@@QEAA@XZ   00000001800066ec f i libcpmt:cout.obj
 0001:0000570c       ??0failure@ios_base@std@@QEAA@AEBV012@@Z 000000018000670c f i libcpmt:cout.obj
 0001:00005768       ??1?$basic_filebuf@DU?$char_traits@D@std@@@std@@UEAA@XZ 0000000180006768 f i libcpmt:cout.obj
 0001:00005800       ??1?$basic_ios@DU?$char_traits@D@std@@@std@@UEAA@XZ 0000000180006800 f i libcpmt:cout.obj
 0001:00005824       ??1?$basic_streambuf@DU?$char_traits@D@std@@@std@@UEAA@XZ 0000000180006824 f i libcpmt:cout.obj
 0001:0000588c       ??1bad_array_new_length@std@@UEAA@XZ 000000018000688c f i LIBCMT:throw_bad_alloc.obj
 0001:0000588c       ??1bad_exception@std@@UEAA@XZ 000000018000688c f i libvcruntime:frame.obj
 0001:0000588c       ??1length_error@std@@UEAA@XZ 000000018000688c f i libcpmt:xthrow.obj
 0001:0000588c       ??1bad_alloc@std@@UEAA@XZ  000000018000688c f i libcpmt:xthrow.obj
 0001:0000588c       ??1out_of_range@std@@UEAA@XZ 000000018000688c f i libcpmt:xthrow.obj
 0001:0000588c       ??1bad_cast@std@@UEAA@XZ   000000018000688c f i libcpmt:cout.obj
 0001:000058a0       ??_E?$basic_ostream@DU?$char_traits@D@std@@@std@@$4PPPPPPPM@A@EAAPEAXI@Z 00000001800068a0 f i libcpmt:cout.obj
 0001:000058ac       ??_E?$basic_filebuf@DU?$char_traits@D@std@@@std@@UEAAPEAXI@Z 00000001800068ac f i libcpmt:cout.obj
 0001:000058ac       ??_G?$basic_filebuf@DU?$char_traits@D@std@@@std@@UEAAPEAXI@Z 00000001800068ac f i libcpmt:cout.obj
 0001:000058e0       ??_G?$basic_ios@DU?$char_traits@D@std@@@std@@UEAAPEAXI@Z 00000001800068e0 f i libcpmt:cout.obj
 0001:000058e0       ??_E?$basic_ios@DU?$char_traits@D@std@@@std@@UEAAPEAXI@Z 00000001800068e0 f i libcpmt:cout.obj
 0001:0000592c       ??_E?$basic_ostream@DU?$char_traits@D@std@@@std@@UEAAPEAXI@Z 000000018000692c f i libcpmt:cout.obj
 0001:0000592c       ??_G?$basic_ostream@DU?$char_traits@D@std@@@std@@UEAAPEAXI@Z 000000018000692c f i libcpmt:cout.obj
 0001:0000599c       ??_G?$basic_streambuf@DU?$char_traits@D@std@@@std@@UEAAPEAXI@Z 000000018000699c f i libcpmt:cout.obj
 0001:0000599c       ??_E?$basic_streambuf@DU?$char_traits@D@std@@@std@@UEAAPEAXI@Z 000000018000699c f i libcpmt:cout.obj
 0001:000059d0       ??_Gios_base@std@@UEAAPEAXI@Z 00000001800069d0 f i libcpmt:cout.obj
 0001:000059d0       ??_Eios_base@std@@UEAAPEAXI@Z 00000001800069d0 f i libcpmt:cout.obj
 0001:00005a1c       ?_Endwrite@?$basic_filebuf@DU?$char_traits@D@std@@@std@@IEAA_NXZ 0000000180006a1c f i libcpmt:cout.obj
 0001:00005af4       ?_Getcat@?$codecvt@DDU_Mbstatet@@@std@@SA_KPEAPEBVfacet@locale@2@PEBV42@@Z 0000000180006af4 f i libcpmt:cout.obj
 0001:00005bb8       ?_Init@?$basic_filebuf@DU?$char_traits@D@std@@@std@@IEAAXPEAU_iobuf@@W4_Initfl@12@@Z 0000000180006bb8 f i libcpmt:cout.obj
 0001:00005ca4       ?_Init@ios_base@std@@IEAAXXZ 0000000180006ca4 f i libcpmt:cout.obj
 0001:00005d20       ?_Initcvt@?$basic_filebuf@DU?$char_traits@D@std@@@std@@IEAAXAEBV?$codecvt@DDU_Mbstatet@@@2@@Z 0000000180006d20 f i libcpmt:cout.obj
 0001:00005db0       ?_Lock@?$basic_filebuf@DU?$char_traits@D@std@@@std@@UEAAXXZ 0000000180006db0 f i libcpmt:cout.obj
 0001:00005dcc       ?_Unlock@?$basic_filebuf@DU?$char_traits@D@std@@@std@@UEAAXXZ 0000000180006dcc f i libcpmt:cout.obj
 0001:00005de8       ?clear@ios_base@std@@QEAAXH@Z 0000000180006de8 f i libcpmt:cout.obj
 0001:00005e54       __acrt_uninitialize_command_line 0000000180006e54 f i libucrt:argv_data.obj
 0001:00005e54       ?do_always_noconv@?$codecvt@DDU_Mbstatet@@@std@@MEBA_NXZ 0000000180006e54 f i libcpmt:cout.obj
 0001:00005e58       ?do_encoding@codecvt_base@std@@MEBAHXZ 0000000180006e58 f i libcpmt:cout.obj
 0001:00005e58       DllMain                    0000000180006e58 f i LIBCMT:dll_dllmain_stub.obj
 0001:00005e58       _get_startup_argv_mode     0000000180006e58 f i LIBCMT:argv_mode.obj
 0001:00005e58       ?do_max_length@codecvt_base@std@@MEBAHXZ 0000000180006e58 f i libcpmt:cout.obj
 0001:00005e60       ?do_in@?$codecvt@DDU_Mbstatet@@@std@@MEBAHAEAU_Mbstatet@@PEBD1AEAPEBDPEAD3AEAPEAD@Z 0000000180006e60 f i libcpmt:cout.obj
 0001:00005e60       ?do_out@?$codecvt@DDU_Mbstatet@@@std@@MEBAHAEAU_Mbstatet@@PEBD1AEAPEBDPEAD3AEAPEAD@Z 0000000180006e60 f i libcpmt:cout.obj
 0001:00005e7c       ?do_length@?$codecvt@DDU_Mbstatet@@@std@@MEBAHAEAU_Mbstatet@@PEBD1_K@Z 0000000180006e7c f i libcpmt:cout.obj
 0001:00005e90       ?do_unshift@?$codecvt@DDU_Mbstatet@@@std@@MEBAHAEAU_Mbstatet@@PEAD1AEAPEAD@Z 0000000180006e90 f i libcpmt:cout.obj
 0001:00005e9c       ?imbue@?$basic_filebuf@DU?$char_traits@D@std@@@std@@MEAAXAEBVlocale@2@@Z 0000000180006e9c f i libcpmt:cout.obj
 0001:00005ec0       ?init@?$basic_ios@DU?$char_traits@D@std@@@std@@IEAAXPEAV?$basic_streambuf@DU?$char_traits@D@std@@@2@_N@Z 0000000180006ec0 f i libcpmt:cout.obj
 0001:00005f80       ?overflow@?$basic_filebuf@DU?$char_traits@D@std@@@std@@MEAAHH@Z 0000000180006f80 f i libcpmt:cout.obj
 0001:00006108       ?pbackfail@?$basic_streambuf@DU?$char_traits@D@std@@@std@@MEAAHH@Z 0000000180007108 f i libcpmt:cout.obj
 0001:00006108       ?overflow@?$basic_streambuf@DU?$char_traits@D@std@@@std@@MEAAHH@Z 0000000180007108 f i libcpmt:cout.obj
 0001:00006108       ?underflow@?$basic_streambuf@DU?$char_traits@D@std@@@std@@MEAAHXZ 0000000180007108 f i libcpmt:cout.obj
 0001:0000610c       ?pbackfail@?$basic_filebuf@DU?$char_traits@D@std@@@std@@MEAAHH@Z 000000018000710c f i libcpmt:cout.obj
 0001:000061d8       ?seekoff@?$basic_filebuf@DU?$char_traits@D@std@@@std@@MEAA?AV?$fpos@U_Mbstatet@@@2@_JHH@Z 00000001800071d8 f i libcpmt:cout.obj
 0001:000062bc       ?seekpos@?$basic_streambuf@DU?$char_traits@D@std@@@std@@MEAA?AV?$fpos@U_Mbstatet@@@2@V32@H@Z 00000001800072bc f i libcpmt:cout.obj
 0001:000062bc       ?seekoff@?$basic_streambuf@DU?$char_traits@D@std@@@std@@MEAA?AV?$fpos@U_Mbstatet@@@2@_JHH@Z 00000001800072bc f i libcpmt:cout.obj
 0001:000062d0       ?seekpos@?$basic_filebuf@DU?$char_traits@D@std@@@std@@MEAA?AV?$fpos@U_Mbstatet@@@2@V32@H@Z 00000001800072d0 f i libcpmt:cout.obj
 0001:0000638c       ?setbuf@?$basic_filebuf@DU?$char_traits@D@std@@@std@@MEAAPEAV?$basic_streambuf@DU?$char_traits@D@std@@@2@PEAD_J@Z 000000018000738c f i libcpmt:cout.obj
 0001:000063e0       ?setbuf@?$basic_streambuf@DU?$char_traits@D@std@@@std@@MEAAPEAV12@PEAD_J@Z 00000001800073e0 f i libcpmt:cout.obj
 0001:000063e4       ?sync@?$basic_streambuf@DU?$char_traits@D@std@@@std@@MEAAHXZ 00000001800073e4 f i libcpmt:cout.obj
 0001:000063e4       ?showmanyc@?$basic_streambuf@DU?$char_traits@D@std@@@std@@MEAA_JXZ 00000001800073e4 f i libcpmt:cout.obj
 0001:000063e8       ?sync@?$basic_filebuf@DU?$char_traits@D@std@@@std@@MEAAHXZ 00000001800073e8 f i libcpmt:cout.obj
 0001:00006434       ?uflow@?$basic_filebuf@DU?$char_traits@D@std@@@std@@MEAAHXZ 0000000180007434 f i libcpmt:cout.obj
 0001:000066ec       ?uflow@?$basic_streambuf@DU?$char_traits@D@std@@@std@@MEAAHXZ 00000001800076ec f i libcpmt:cout.obj
 0001:00006728       ?underflow@?$basic_filebuf@DU?$char_traits@D@std@@@std@@MEAAHXZ 0000000180007728 f i libcpmt:cout.obj
 0001:0000678c       ?xsgetn@?$basic_filebuf@DU?$char_traits@D@std@@@std@@MEAA_JPEAD_J@Z 000000018000778c f i libcpmt:cout.obj
 0001:0000688c       ?xsgetn@?$basic_streambuf@DU?$char_traits@D@std@@@std@@MEAA_JPEAD_J@Z 000000018000788c f i libcpmt:cout.obj
 0001:00006948       ?xsputn@?$basic_filebuf@DU?$char_traits@D@std@@@std@@MEAA_JPEBD_J@Z 0000000180007948 f i libcpmt:cout.obj
 0001:00006a0c       ?xsputn@?$basic_streambuf@DU?$char_traits@D@std@@@std@@MEAA_JPEBD_J@Z 0000000180007a0c f i libcpmt:cout.obj
 0001:00006acc       ??1_Fac_tidy_reg_t@std@@QEAA@XZ 0000000180007acc f i libcpmt:locale0.obj
 0001:00006b34       ??4?$_Yarn@D@std@@QEAAAEAV01@PEBD@Z 0000000180007b34 f i libcpmt:locale0.obj
 0001:00006bac       ??_E_Locimp@locale@std@@MEAAPEAXI@Z 0000000180007bac f i libcpmt:locale0.obj
 0001:00006bac       ??_G_Locimp@locale@std@@MEAAPEAXI@Z 0000000180007bac f i libcpmt:locale0.obj
 0001:00006c18       ?_Facet_Register@std@@YAXPEAV_Facet_base@1@@Z 0000000180007c18 f   libcpmt:locale0.obj
 0001:00006c50       ?_Getgloballocale@locale@std@@CAPEAV_Locimp@12@XZ 0000000180007c50 f   libcpmt:locale0.obj
 0001:00006c58       ?_Init@locale@std@@CAPEAV_Locimp@12@_N@Z 0000000180007c58 f   libcpmt:locale0.obj
 0001:00006d04       ?_Locimp_dtor@_Locimp@locale@std@@CAXPEAV123@@Z 0000000180007d04 f   libcpmt:locale0.obj
 0001:00006d8c       ?_Locinfo_ctor@_Locinfo@std@@SAXPEAV12@PEBD@Z 0000000180007d8c f   libcpmt:locale0.obj
 0001:00006df8       ?_Locinfo_dtor@_Locinfo@std@@SAXPEAV12@@Z 0000000180007df8 f   libcpmt:locale0.obj
 0001:00006e14       ?_New_Locimp@_Locimp@locale@std@@CAPEAV123@_N@Z 0000000180007e14 f   libcpmt:locale0.obj
 0001:00006e84       ?_Setgloballocale@locale@std@@CAXPEAX@Z 0000000180007e84 f   libcpmt:locale0.obj
 0001:00006eb8       _Deletegloballocale        0000000180007eb8 f   libcpmt:locale0.obj
 0001:00006f28       ??0bad_alloc@std@@QEAA@AEBV01@@Z 0000000180007f28 f i libcpmt:xthrow.obj
 0001:00006f68       ??0bad_alloc@std@@QEAA@XZ  0000000180007f68 f i libcpmt:xthrow.obj
 0001:00006f88       ??0length_error@std@@QEAA@AEBV01@@Z 0000000180007f88 f i libcpmt:xthrow.obj
 0001:00006fc8       ??0length_error@std@@QEAA@PEBD@Z 0000000180007fc8 f i libcpmt:xthrow.obj
 0001:00007014       ??0logic_error@std@@QEAA@AEBV01@@Z 0000000180008014 f i libcpmt:xthrow.obj
 0001:00007054       ??0out_of_range@std@@QEAA@AEBV01@@Z 0000000180008054 f i libcpmt:xthrow.obj
 0001:00007094       ??0out_of_range@std@@QEAA@PEBD@Z 0000000180008094 f i libcpmt:xthrow.obj
 0001:000070e0       ?_Xbad_alloc@std@@YAXXZ    00000001800080e0 f   libcpmt:xthrow.obj
 0001:000070e0       ?__scrt_throw_std_bad_alloc@@YAXXZ 00000001800080e0 f   LIBCMT:throw_bad_alloc.obj
 0001:00007100       ?_Xlength_error@std@@YAXPEBD@Z 0000000180008100 f   libcpmt:xthrow.obj
 0001:00007124       ?_Xout_of_range@std@@YAXPEBD@Z 0000000180008124 f   libcpmt:xthrow.obj
 0001:00007148       ?_Syserror_map@std@@YAPEBDH@Z 0000000180008148 f   libcpmt:syserror.obj
 0001:00007170       _Getctype                  0000000180008170 f   libcpmt:_tolower.obj
 0001:00007238       _Tolower                   0000000180008238 f   libcpmt:_tolower.obj
 0001:00007368       _Getcvt                    0000000180008368 f   libcpmt:xwctomb.obj
 0001:000073f8       _Toupper                   00000001800083f8 f   libcpmt:_toupper.obj
 0001:00007538       _Mtxdst                    0000000180008538 f   libcpmt:xmtx.obj
 0001:00007540       _Mtxinit                   0000000180008540 f   libcpmt:xmtx.obj
 0001:00007550       _Mtxlock                   0000000180008550 f   libcpmt:xmtx.obj
 0001:00007558       _Mtxunlock                 0000000180008558 f   libcpmt:xmtx.obj
 0001:00007a30       __crtInitOnceExecuteOnce   0000000180008a30 f   libcpmt:winapisupp.obj
 0001:00007afc       __crtInitializeCriticalSectionEx 0000000180008afc f   libcpmt:winapisupp.obj
 0001:00007b2c       ?_Addstd@ios_base@std@@SAXPEAV12@@Z 0000000180008b2c f   libcpmt:ios.obj
 0001:00007ba4       ?_Ios_base_dtor@ios_base@std@@CAXPEAV12@@Z 0000000180008ba4 f   libcpmt:ios.obj
 0001:00007c24       ?_Tidy@ios_base@std@@AEAAXXZ 0000000180008c24 f i libcpmt:ios.obj
 0001:00007ca4       ?_Atexit@@YAXP6AXXZ@Z      0000000180008ca4 f   libcpmt:iosptrs.obj
 0001:00007ce4       __crtLCMapStringA          0000000180008ce4 f   libcpmt:StlLCMapStringA.obj
 0001:00007f98       GetTableIndexFromLocaleName 0000000180008f98 f   libcpmt:winapinls.obj
 0001:00008028       __crtDownlevelLocaleNameToLCID 0000000180009028 f   libcpmt:winapinls.obj
 0001:0000805c       __crtLCMapStringEx         000000018000905c f   libcpmt:winapinls.obj
 0001:000080f8       __wcsnicmp_ascii           00000001800090f8 f   libcpmt:winapinls.obj
 0001:00008160       ?_com_issue_error@@YAXJ@Z  0000000180009160 f   comsuppw:comsupp.obj
 0001:00008170       ?ConvertBSTRToString@_com_util@@YAPEADPEA_W@Z 0000000180009170 f   comsuppw:comutil.obj
 0001:00008290       ?ConvertStringToBSTR@_com_util@@YAPEA_WPEBD@Z 0000000180009290 f   comsuppw:comutil.obj
 0001:00008450       ??0_com_error@@QEAA@AEBV0@@Z 0000000180009450 f i comsuppw:comraise.obj
 0001:000084a0       ??0_com_error@@QEAA@JPEAUIErrorInfo@@_N@Z 00000001800094a0 f i comsuppw:comraise.obj
 0001:000084f0       ??1_com_error@@UEAA@XZ     00000001800094f0 f i comsuppw:comraise.obj
 0001:00008540       ??_G_com_error@@UEAAPEAXI@Z 0000000180009540 f i comsuppw:comraise.obj
 0001:00008540       ??_E_com_error@@UEAAPEAXI@Z 0000000180009540 f i comsuppw:comraise.obj
 0001:000085a0       ?_com_raise_error@@YAXJPEAUIErrorInfo@@@Z 00000001800095a0 f   comsuppw:comraise.obj
 0001:000085e0       __security_check_cookie    00000001800095e0 f   LIBCMT:_amdsecgs_.obj
 0001:00008604       ??3@YAXPEAX_K@Z            0000000180009604 f   LIBCMT:delete_scalar_size.obj
 0001:00008604       ??_V@YAXPEAX@Z             0000000180009604 f   LIBCMT:delete_array.obj
 0001:0000860c       ??2@YAPEAX_K@Z             000000018000960c f   LIBCMT:new_scalar.obj
 0001:00008978       _DllMainCRTStartup         0000000180009978 f   LIBCMT:dll_dllmain.obj
 0001:000089b8       __scrt_acquire_startup_lock 00000001800099b8 f   LIBCMT:utility.obj
 0001:000089f4       __scrt_dllmain_after_initialize_c 00000001800099f4 f   LIBCMT:utility.obj
 0001:00008a28       __scrt_dllmain_before_initialize_c 0000000180009a28 f   LIBCMT:utility.obj
 0001:00008a40       __scrt_dllmain_crt_thread_attach 0000000180009a40 f   LIBCMT:utility.obj
 0001:00008a68       __scrt_dllmain_crt_thread_detach 0000000180009a68 f   LIBCMT:utility.obj
 0001:00008a80       __scrt_dllmain_exception_filter 0000000180009a80 f   LIBCMT:utility.obj
 0001:00008ae0       __scrt_dllmain_uninitialize_c 0000000180009ae0 f   LIBCMT:utility.obj
 0001:00008b10       __scrt_dllmain_uninitialize_critical 0000000180009b10 f   LIBCMT:utility.obj
 0001:00008b24       __scrt_initialize_crt      0000000180009b24 f   LIBCMT:utility.obj
 0001:00008b70       __scrt_initialize_onexit_tables 0000000180009b70 f   LIBCMT:utility.obj
 0001:00008c48       __scrt_is_nonwritable_in_current_image 0000000180009c48 f   LIBCMT:utility.obj
 0001:00008ce4       __scrt_release_startup_lock 0000000180009ce4 f   LIBCMT:utility.obj
 0001:00008d08       __scrt_uninitialize_crt    0000000180009d08 f   LIBCMT:utility.obj
 0001:00008d34       _onexit                    0000000180009d34 f   LIBCMT:utility.obj
 0001:00008d84       atexit                     0000000180009d84 f   LIBCMT:utility.obj
 0001:00008d9c       __GSHandlerCheck           0000000180009d9c f   LIBCMT:_gshandler_.obj
 0001:00008dbc       __GSHandlerCheckCommon     0000000180009dbc f   LIBCMT:_gshandler_.obj
 0001:00008e18       __GSHandlerCheck_EH        0000000180009e18 f   LIBCMT:gshandlereh.obj
 0001:00008e98       ??_Gtype_info@@UEAAPEAXI@Z 0000000180009e98 f i LIBCMT:std_type_info_static.obj
 0001:00008e98       ??_Etype_info@@UEAAPEAXI@Z 0000000180009e98 f i LIBCMT:std_type_info_static.obj
 0001:00008ee0       __chkstk                   0000000180009ee0 f   LIBCMT:_chkstk_.obj
 0001:00008ee0       _alloca_probe              0000000180009ee0 f   LIBCMT:_chkstk_.obj
 0001:00008f34       ??_U@YAPEAX_K@Z            0000000180009f34 f   LIBCMT:new_array.obj
 0001:00008f3c       __GSHandlerCheck_SEH       0000000180009f3c f   LIBCMT:_gshandlerseh_.obj
 0001:00008fc4       __raise_securityfailure    0000000180009fc4 f   LIBCMT:gs_report.obj
 0001:00008ff8       __report_gsfailure         0000000180009ff8 f   LIBCMT:gs_report.obj
 0001:000090cc       __report_rangecheckfailure 000000018000a0cc f   LIBCMT:gs_report.obj
 0001:000090e0       __report_securityfailure   000000018000a0e0 f   LIBCMT:gs_report.obj
 0001:00009260       ??3@YAXPEAX@Z              000000018000a260 f   LIBCMT:delete_scalar.obj
 0001:00009268       ??0bad_array_new_length@std@@QEAA@AEBV01@@Z 000000018000a268 f i LIBCMT:throw_bad_alloc.obj
 0001:000092a8       ??0bad_array_new_length@std@@QEAA@XZ 000000018000a2a8 f i LIBCMT:throw_bad_alloc.obj
 0001:000092c8       ?__scrt_throw_std_bad_array_new_length@@YAXXZ 000000018000a2c8 f   LIBCMT:throw_bad_alloc.obj
 0001:000092e8       __security_init_cookie     000000018000a2e8 f   LIBCMT:gs_support.obj
 0001:00009394       ?__scrt_initialize_type_info@@YAXXZ 000000018000a394 f   LIBCMT:tncleanup.obj
 0001:000093a4       ?__scrt_uninitialize_type_info@@YAXXZ 000000018000a3a4 f   LIBCMT:tncleanup.obj
 0001:000093b0       __local_stdio_scanf_options 000000018000a3b0 f i LIBCMT:default_local_stdio_options.obj
 0001:000093b8       __scrt_initialize_default_local_stdio_options 000000018000a3b8 f   LIBCMT:default_local_stdio_options.obj
 0001:000093d4       __scrt_get_dyn_tls_init_callback 000000018000a3d4 f   LIBCMT:dyn_tls_init.obj
 0001:000093dc       __crt_debugger_hook        000000018000a3dc f   LIBCMT:utility_desktop.obj
 0001:000093e4       __scrt_fastfail            000000018000a3e4 f   LIBCMT:utility_desktop.obj
 0001:00009530       _RTC_Initialize            000000018000a530 f   LIBCMT:_initsect_.obj
 0001:0000956c       _RTC_Terminate             000000018000a56c f   LIBCMT:_initsect_.obj
 0001:000095a8       __isa_available_init       000000018000a5a8 f   LIBCMT:_cpu_disp_.obj
 0001:00009764       __scrt_is_ucrt_dll_in_use  000000018000a764 f   LIBCMT:ucrt_detection.obj
 0001:00009770       _purecall                  000000018000a770 f   libvcruntime:purevirt.obj
 0001:000097a0       __std_exception_copy       000000018000a7a0 f   libvcruntime:std_exception.obj
 0001:00009830       __std_exception_destroy    000000018000a830 f   libvcruntime:std_exception.obj
 0001:00009858       _CxxThrowException         000000018000a858 f   libvcruntime:throw.obj
 0001:00009918       ??$_CallSETranslator@V__FrameHandler3@@@@YAHPEAUEHExceptionRecord@@PEA_KPEAU_CONTEXT@@PEAU_xDISPATCHER_CONTEXT@@PEBU_s_FuncInfo@@K1@Z 000000018000a918 f i libvcruntime:risctrnsctrl.obj
 0001:0000996c       ?CatchTryBlock@__FrameHandler3@@SAPEBU_s_TryBlockMapEntry@@PEBU_s_FuncInfo@@H@Z 000000018000a96c f   libvcruntime:risctrnsctrl.obj
 0001:000099c4       ?ExecutionInCatch@__FrameHandler3@@SA_NPEAU_xDISPATCHER_CONTEXT@@PEBU_s_FuncInfo@@@Z 000000018000a9c4 f   libvcruntime:risctrnsctrl.obj
 0001:000099f0       ?FrameUnwindToEmptyState@__FrameHandler3@@SAXPEA_KPEAU_xDISPATCHER_CONTEXT@@PEBU_s_FuncInfo@@@Z 000000018000a9f0 f   libvcruntime:risctrnsctrl.obj
 0001:00009a54       ?GetEstablisherFrame@__FrameHandler3@@SAPEA_KPEA_KPEAU_xDISPATCHER_CONTEXT@@PEBU_s_FuncInfo@@0@Z 000000018000aa54 f   libvcruntime:risctrnsctrl.obj
 0001:00009b20       ?GetRangeOfTrysToCheck@__FrameHandler3@@SA?AU?$pair@Viterator@TryBlockMap@__FrameHandler3@@V123@@std@@AEAVTryBlockMap@1@HH@Z 000000018000ab20 f   libvcruntime:risctrnsctrl.obj
 0001:00009c7c       ?UnwindNestedFrames@__FrameHandler3@@SAXPEA_KPEAUEHExceptionRecord@@PEAU_CONTEXT@@0PEAXPEBU_s_FuncInfo@@HHPEBU_s_HandlerType@@PEAU_xDISPATCHER_CONTEXT@@E@Z 000000018000ac7c f   libvcruntime:risctrnsctrl.obj
 0001:00009da0       _CreateFrameInfo           000000018000ada0 f   libvcruntime:risctrnsctrl.obj
 0001:00009ddc       _FindAndUnlinkFrame        000000018000addc f   libvcruntime:risctrnsctrl.obj
 0001:00009e30       _GetImageBase              000000018000ae30 f   libvcruntime:risctrnsctrl.obj
 0001:00009e44       _GetThrowImageBase         000000018000ae44 f   libvcruntime:risctrnsctrl.obj
 0001:00009e58       _SetImageBase              000000018000ae58 f   libvcruntime:risctrnsctrl.obj
 0001:00009e70       _SetThrowImageBase         000000018000ae70 f   libvcruntime:risctrnsctrl.obj
 0001:00009e88       __CxxFrameHandler3         000000018000ae88 f   libvcruntime:risctrnsctrl.obj
 0001:00009f20       memcpy_repmovs             000000018000af20 f   libvcruntime:memcpy.obj
 0001:00009f40       memcpy                     000000018000af40 f   libvcruntime:memcpy.obj
 0001:00009f40       memmove                    000000018000af40 f   libvcruntime:memcpy.obj
 0001:0000a390       memset_repmovs             000000018000b390 f   libvcruntime:memset.obj
 0001:0000a3b0       memset                     000000018000b3b0 f   libvcruntime:memset.obj
 0001:0000a540       __DestructExceptionObject  000000018000b540 f   libvcruntime:ehhelpers.obj
 0001:0000a5b4       ?_CallMemberFunction0@@YAXQEAX0@Z 000000018000b5b4 f i libvcruntime:ehhelpers.obj
 0001:0000a5b8       _IsExceptionObjectToBeDestroyed 000000018000b5b8 f   libvcruntime:ehhelpers.obj
 0001:0000a5e8       __AdjustPointer            000000018000b5e8 f   libvcruntime:ehhelpers.obj
 0001:0000a60c       __FrameUnwindFilter        000000018000b60c f   libvcruntime:ehhelpers.obj
 0001:0000a658       __std_terminate            000000018000b658 f   libvcruntime:ehhelpers.obj
 0001:0000a680       memchr                     000000018000b680 f   libvcruntime:memchr.obj
 0001:0000a700       memcmp                     000000018000b700 f   libvcruntime:memcmp.obj
 0001:0000a7c8       __C_specific_handler       000000018000b7c8 f   libvcruntime:_riscchandler_.obj
 0001:0000a9d4       __vcrt_initialize          000000018000b9d4 f   libvcruntime:initialization.obj
 0001:0000aa08       __vcrt_thread_attach       000000018000ba08 f   libvcruntime:initialization.obj
 0001:0000aa1c       __vcrt_thread_detach       000000018000ba1c f   libvcruntime:initialization.obj
 0001:0000aa30       __vcrt_uninitialize        000000018000ba30 f   libvcruntime:initialization.obj
 0001:0000aa50       __vcrt_uninitialize_critical 000000018000ba50 f   libvcruntime:initialization.obj
 0001:0000aa60       __std_type_info_compare    000000018000ba60 f   libvcruntime:std_type_info.obj
 0001:0000aa88       __std_type_info_destroy_list 000000018000ba88 f   libvcruntime:std_type_info.obj
 0001:0000aab4       __vcrt_initialize_pure_virtual_call_handler 000000018000bab4 f   libvcruntime:purevirt_data.obj
 0001:0000aac4       __vcrt_freefls             000000018000bac4 f   libvcruntime:per_thread_data.obj
 0001:0000aae4       __vcrt_freeptd             000000018000bae4 f   libvcruntime:per_thread_data.obj
 0001:0000ab34       __vcrt_getptd              000000018000bb34 f   libvcruntime:per_thread_data.obj
 0001:0000ab50       __vcrt_getptd_noexit       000000018000bb50 f   libvcruntime:per_thread_data.obj
 0001:0000ac1c       __vcrt_initialize_ptd      000000018000bc1c f   libvcruntime:per_thread_data.obj
 0001:0000ac70       __vcrt_uninitialize_ptd    000000018000bc70 f   libvcruntime:per_thread_data.obj
 0001:0000ac94       ?GetCurrentState@__FrameHandler3@@SAHPEA_KPEAU_xDISPATCHER_CONTEXT@@PEBU_s_FuncInfo@@@Z 000000018000bc94 f   libvcruntime:ehstate.obj
 0001:0000acbc       ?GetUnwindTryBlock@__FrameHandler3@@SAHPEA_KPEAU_xDISPATCHER_CONTEXT@@PEBU_s_FuncInfo@@@Z 000000018000bcbc f   libvcruntime:ehstate.obj
 0001:0000ace8       ?SetState@__FrameHandler3@@SAXPEA_KPEBU_s_FuncInfo@@H@Z 000000018000bce8 f   libvcruntime:ehstate.obj
 0001:0000acf4       ?SetUnwindTryBlock@__FrameHandler3@@SAXPEA_KPEAU_xDISPATCHER_CONTEXT@@PEBU_s_FuncInfo@@H@Z 000000018000bcf4 f   libvcruntime:ehstate.obj
 0001:0000ad30       ?StateFromControlPc@__FrameHandler3@@SAHPEBU_s_FuncInfo@@PEAU_xDISPATCHER_CONTEXT@@@Z 000000018000bd30 f   libvcruntime:ehstate.obj
 0001:0000ad38       ?StateFromIp@__FrameHandler3@@SAHPEBU_s_FuncInfo@@PEAU_xDISPATCHER_CONTEXT@@_K@Z 000000018000bd38 f   libvcruntime:ehstate.obj
 0001:0000b7c4       ??$TypeMatchHelper@$$CBU_s_HandlerType@@@@YAHPEBU_s_HandlerType@@PEBU_s_CatchableType@@PEBU_s_ThrowInfo@@@Z 000000018000c7c4 f i libvcruntime:frame.obj
 0001:0000b908       ??$__InternalCxxFrameHandler@V__FrameHandler3@@@@YA?AW4_EXCEPTION_DISPOSITION@@PEAUEHExceptionRecord@@PEA_KPEAU_CONTEXT@@PEAU_xDISPATCHER_CONTEXT@@PEBU_s_FuncInfo@@H1E@Z 000000018000c908 f i libvcruntime:frame.obj
 0001:0000bb50       ??0bad_exception@std@@QEAA@AEBV01@@Z 000000018000cb50 f i libvcruntime:frame.obj
 0001:0000bb90       ??0bad_exception@std@@QEAA@XZ 000000018000cb90 f i libvcruntime:frame.obj
 0001:0000bbb0       ?CxxCallCatchBlock@__FrameHandler3@@SAPEAXPEAU_EXCEPTION_RECORD@@@Z 000000018000cbb0 f   libvcruntime:frame.obj
 0001:0000be24       ?FrameUnwindToState@__FrameHandler3@@SAXPEA_KPEAU_xDISPATCHER_CONTEXT@@PEBU_s_FuncInfo@@H@Z 000000018000ce24 f   libvcruntime:frame.obj
 0001:0000bfb8       ?GetHandlerSearchState@__FrameHandler3@@SAHPEA_KPEAU_xDISPATCHER_CONTEXT@@PEBU_s_FuncInfo@@@Z 000000018000cfb8 f i libvcruntime:frame.obj
 0001:0000c1bc       ?_CallMemberFunction1@@YAXQEAX00@Z 000000018000d1bc f i libvcruntime:frame.obj
 0001:0000c1c8       ?_CallMemberFunction2@@YAXQEAX00H@Z 000000018000d1c8 f i libvcruntime:frame.obj
 0001:0000c1f0       _NLG_Notify                000000018000d1f0 f   libvcruntime:_notify_.obj
 0001:0000c210       __NLG_Dispatch2            000000018000d210 f   libvcruntime:_notify_.obj
 0001:0000c220       __NLG_Return2              000000018000d220 f   libvcruntime:_notify_.obj
 0001:0000c224       __except_validate_context_record 000000018000d224 f   libvcruntime:jbcxrval.obj
 0001:0000c25c       __vcrt_initialize_locks    000000018000d25c f   libvcruntime:locks.obj
 0001:0000c2a4       __vcrt_uninitialize_locks  000000018000d2a4 f   libvcruntime:locks.obj
 0001:0000c4b4       __vcrt_FlsAlloc            000000018000d4b4 f   libvcruntime:winapi_downlevel.obj
 0001:0000c4fc       __vcrt_FlsFree             000000018000d4fc f   libvcruntime:winapi_downlevel.obj
 0001:0000c544       __vcrt_FlsGetValue         000000018000d544 f   libvcruntime:winapi_downlevel.obj
 0001:0000c58c       __vcrt_FlsSetValue         000000018000d58c f   libvcruntime:winapi_downlevel.obj
 0001:0000c5e0       __vcrt_InitializeCriticalSectionEx 000000018000d5e0 f   libvcruntime:winapi_downlevel.obj
 0001:0000c644       __vcrt_initialize_winapi_thunks 000000018000d644 f   libvcruntime:winapi_downlevel.obj
 0001:0000c674       __vcrt_uninitialize_winapi_thunks 000000018000d674 f   libvcruntime:winapi_downlevel.obj
 0001:0000c6d0       _CallSettingFrame          000000018000d6d0 f   libvcruntime:handlers.obj
 0001:0000c720       _CallSettingFrameEncoded   000000018000d720 f   libvcruntime:handlers.obj
 0001:0000c768       abort                      000000018000d768 f   libucrt:abort.obj
 0001:0000c7c0       calloc                     000000018000d7c0 f   libucrt:calloc.obj
 0001:0000c7c8       __acrt_call_reportfault    000000018000d7c8 f   libucrt:invalid_parameter.obj
 0001:0000c924       __acrt_initialize_invalid_parameter_handler 000000018000d924 f   libucrt:invalid_parameter.obj
 0001:0000c92c       _invalid_parameter         000000018000d92c f   libucrt:invalid_parameter.obj
 0001:0000c9dc       _invalid_parameter_noinfo  000000018000d9dc f   libucrt:invalid_parameter.obj
 0001:0000c9fc       _invalid_parameter_noinfo_noreturn 000000018000d9fc f   libucrt:invalid_parameter.obj
 0001:0000ca2c       _invoke_watson             000000018000da2c f   libucrt:invalid_parameter.obj
 0001:0000cb20       strcspn                    000000018000db20 f   libucrt:strcspn.obj
 0001:0000d0b0       ??$ensure_buffer_is_big_enough@D@formatting_buffer@__crt_stdio_output@@QEAA_N_K@Z 000000018000e0b0 f i libucrt:output.obj
 0001:0000d158       ??$type_case_integer_parse_into_buffer@I@?$output_processor@DV?$string_output_adapter@D@__crt_stdio_output@@V?$format_validation_base@DV?$string_output_adapter@D@__crt_stdio_output@@@2@@__crt_stdio_output@@AEAAXII_N@Z 000000018000e158 f i libucrt:output.obj
 0001:0000d1e8       ??$type_case_integer_parse_into_buffer@_K@?$output_processor@DV?$string_output_adapter@D@__crt_stdio_output@@V?$format_validation_base@DV?$string_output_adapter@D@__crt_stdio_output@@@2@@__crt_stdio_output@@AEAAX_KI_N@Z 000000018000e1e8 f i libucrt:output.obj
 0001:0000d27c       ??$write_multiple_characters@V?$string_output_adapter@D@__crt_stdio_output@@D@__crt_stdio_output@@YAXAEBV?$string_output_adapter@D@0@DHQEAH@Z 000000018000e27c f i libucrt:output.obj
 0001:0000d2f4       ??0_LocaleUpdate@@QEAA@QEAU__crt_locale_pointers@@@Z 000000018000e2f4 f i libucrt:output.obj
 0001:0000d390       ??1_LocaleUpdate@@QEAA@XZ  000000018000e390 f i libucrt:output.obj
 0001:0000d3a4       ?crop_zeroes@__crt_stdio_output@@YAXPEADQEAU__crt_locale_pointers@@@Z 000000018000e3a4 f i libucrt:output.obj
 0001:0000d410       ?force_decimal_point@__crt_stdio_output@@YAXPEADQEAU__crt_locale_pointers@@@Z 000000018000e410 f i libucrt:output.obj
 0001:0000d480       ?parse_int_from_format_string@?$output_processor@DV?$string_output_adapter@D@__crt_stdio_output@@V?$format_validation_base@DV?$string_output_adapter@D@__crt_stdio_output@@@2@@__crt_stdio_output@@AEAA_NQEAH@Z 000000018000e480 f i libucrt:output.obj
 0001:0000d524       ?process@?$output_processor@DV?$string_output_adapter@D@__crt_stdio_output@@V?$format_validation_base@DV?$string_output_adapter@D@__crt_stdio_output@@@2@@__crt_stdio_output@@QEAAHXZ 000000018000e524 f i libucrt:output.obj
 0001:0000d738       ?state_case_normal@?$output_processor@DV?$string_output_adapter@D@__crt_stdio_output@@V?$format_validation_base@DV?$string_output_adapter@D@__crt_stdio_output@@@2@@__crt_stdio_output@@AEAA_NXZ 000000018000e738 f i libucrt:output.obj
 0001:0000d7ac       ?state_case_normal_tchar@?$output_processor@DV?$string_output_adapter@D@__crt_stdio_output@@V?$format_validation_base@DV?$string_output_adapter@D@__crt_stdio_output@@@2@@__crt_stdio_output@@AEAA_ND@Z 000000018000e7ac f i libucrt:output.obj
 0001:0000d844       ?state_case_size@?$output_processor@DV?$string_output_adapter@D@__crt_stdio_output@@V?$format_validation_base@DV?$string_output_adapter@D@__crt_stdio_output@@@2@@__crt_stdio_output@@AEAA_NXZ 000000018000e844 f i libucrt:output.obj
 0001:0000d9b8       ?state_case_type@?$output_processor@DV?$string_output_adapter@D@__crt_stdio_output@@V?$format_validation_base@DV?$string_output_adapter@D@__crt_stdio_output@@@2@@__crt_stdio_output@@AEAA_NXZ 000000018000e9b8 f i libucrt:output.obj
 0001:0000dc24       ?type_case_Z@?$output_processor@DV?$string_output_adapter@D@__crt_stdio_output@@V?$format_validation_base@DV?$string_output_adapter@D@__crt_stdio_output@@@2@@__crt_stdio_output@@AEAA_NXZ 000000018000ec24 f i libucrt:output.obj
 0001:0000dc9c       ?type_case_a@?$output_processor@DV?$string_output_adapter@D@__crt_stdio_output@@V?$format_validation_base@DV?$string_output_adapter@D@__crt_stdio_output@@@2@@__crt_stdio_output@@AEAA_NXZ 000000018000ec9c f i libucrt:output.obj
 0001:0000de58       ?type_case_c_tchar@?$output_processor@DV?$string_output_adapter@D@__crt_stdio_output@@V?$format_validation_base@DV?$string_output_adapter@D@__crt_stdio_output@@@2@@__crt_stdio_output@@AEAA_ND@Z 000000018000ee58 f i libucrt:output.obj
 0001:0000df1c       ?type_case_integer@?$output_processor@DV?$string_output_adapter@D@__crt_stdio_output@@V?$format_validation_base@DV?$string_output_adapter@D@__crt_stdio_output@@@2@@__crt_stdio_output@@AEAA_NI_N@Z 000000018000ef1c f i libucrt:output.obj
 0001:0000e0e4       ?type_case_n@?$output_processor@DV?$string_output_adapter@D@__crt_stdio_output@@V?$format_validation_base@DV?$string_output_adapter@D@__crt_stdio_output@@@2@@__crt_stdio_output@@AEAA_NXZ 000000018000f0e4 f i libucrt:output.obj
 0001:0000e1c0       ?type_case_s@?$output_processor@DV?$string_output_adapter@D@__crt_stdio_output@@V?$format_validation_base@DV?$string_output_adapter@D@__crt_stdio_output@@@2@@__crt_stdio_output@@AEAA_NXZ 000000018000f1c0 f i libucrt:output.obj
 0001:0000e258       ?write_stored_string_tchar@?$output_processor@DV?$string_output_adapter@D@__crt_stdio_output@@V?$format_validation_base@DV?$string_output_adapter@D@__crt_stdio_output@@@2@@__crt_stdio_output@@AEAA_ND@Z 000000018000f258 f i libucrt:output.obj
 0001:0000e330       ?write_string@?$string_output_adapter@D@__crt_stdio_output@@QEBAXQEBDHQEAHAEAV__crt_deferred_errno_cache@@@Z 000000018000f330 f i libucrt:output.obj
 0001:0000e3d4       __stdio_common_vsprintf_s  000000018000f3d4 f   libucrt:output.obj
 0001:0000e438       localeconv                 000000018000f438 f   libucrt:localeconv.obj
 0001:0000e46c       free                       000000018000f46c f   libucrt:free.obj
 0001:0000e480       frexp                      000000018000f480 f   libucrt:frexp.obj
 0001:0000e578       __ascii_stricmp            000000018000f578 f   libucrt:stricmp.obj
 0001:0000e5b8       _stricmp                   000000018000f5b8 f   libucrt:stricmp.obj
 0001:0000e600       _stricmp_l                 000000018000f600 f   libucrt:stricmp.obj
 0001:0000e6b4       __acrt_initialize_locks    000000018000f6b4 f   libucrt:locks.obj
 0001:0000e6fc       __acrt_lock                000000018000f6fc f   libucrt:locks.obj
 0001:0000e718       __acrt_uninitialize_locks  000000018000f718 f   libucrt:locks.obj
 0001:0000e750       __acrt_unlock              000000018000f750 f   libucrt:locks.obj
 0001:0000e76c       _lock_locales              000000018000f76c f   libucrt:locks.obj
 0001:0000e788       _unlock_locales            000000018000f788 f   libucrt:locks.obj
 0001:0000e798       terminate                  000000018000f798 f   libucrt:terminate.obj
 0001:0000e7b8       __acrt_initialize_stdio    000000018000f7b8 f   libucrt:_file.obj
 0001:0000e8d8       __acrt_iob_func            000000018000f8d8 f   libucrt:_file.obj
 0001:0000e8ec       __acrt_uninitialize_stdio  000000018000f8ec f   libucrt:_file.obj
 0001:0000e948       _get_stream_buffer_pointers 000000018000f948 f   libucrt:_file.obj
 0001:0000e990       _lock_file                 000000018000f990 f   libucrt:_file.obj
 0001:0000e99c       _unlock_file               000000018000f99c f   libucrt:_file.obj
 0001:0000e9a8       _fclose_nolock             000000018000f9a8 f   libucrt:fclose.obj
 0001:0000ea2c       fclose                     000000018000fa2c f   libucrt:fclose.obj
 0001:0000ecac       __acrt_stdio_flush_nolock  000000018000fcac f   libucrt:fflush.obj
 0001:0000ed28       _fflush_nolock             000000018000fd28 f   libucrt:fflush.obj
 0001:0000ed74       _flushall                  000000018000fd74 f   libucrt:fflush.obj
 0001:0000ed7c       fflush                     000000018000fd7c f   libucrt:fflush.obj
 0001:0000ede4       _fgetc_nolock              000000018000fde4 f   libucrt:fgetc.obj
 0001:0000ee28       fgetc                      000000018000fe28 f   libucrt:fgetc.obj
 0001:0000ef20       fgetpos                    000000018000ff20 f   libucrt:fgetpos.obj
 0001:0000ef6c       fputc                      000000018000ff6c f   libucrt:fputc.obj
 0001:0000f080       _fread_nolock_s            0000000180010080 f   libucrt:fread.obj
 0001:0000f310       fread                      0000000180010310 f   libucrt:fread.obj
 0001:0000f330       fread_s                    0000000180010330 f   libucrt:fread.obj
 0001:0000f3d8       fsetpos                    00000001800103d8 f   libucrt:fsetpos.obj
 0001:0000f63c       _fseeki64                  000000018001063c f   libucrt:fseek.obj
 0001:0000f6e8       _fwrite_nolock             00000001800106e8 f   libucrt:fwrite.obj
 0001:0000f890       fwrite                     0000000180010890 f   libucrt:fwrite.obj
 0001:0000fa44       setvbuf                    0000000180010a44 f   libucrt:setvbuf.obj
 0001:0000fae0       _ungetc_nolock             0000000180010ae0 f   libucrt:ungetc.obj
 0001:0000fbf8       ungetc                     0000000180010bf8 f   libucrt:ungetc.obj
 0001:0000fc50       malloc                     0000000180010c50 f   libucrt:malloc.obj
 0001:0000ff64       setlocale                  0000000180010f64 f   libucrt:setlocale.obj
 0001:0000ffb0       __pctype_func              0000000180010fb0 f   libucrt:ctype.obj
 0001:0000ffe0       isdigit                    0000000180010fe0 f i libucrt:_ctype.obj
 0001:00010058       islower                    0000000180011058 f i libucrt:_ctype.obj
 0001:000100d0       isupper                    00000001800110d0 f i libucrt:_ctype.obj
 0001:00010148       _wcsdup                    0000000180011148 f   libucrt:wcsdup.obj
 0001:000101cc       ___lc_codepage_func        00000001800111cc f   libucrt:initctype.obj
 0001:000101fc       ___lc_locale_name_func     00000001800111fc f   libucrt:initctype.obj
 0001:00010230       ___mb_cur_max_func         0000000180011230 f   libucrt:initctype.obj
 0001:00010260       __acrt_locale_initialize_ctype 0000000180011260 f   libucrt:initctype.obj
 0001:000108bc       __acrt_errno_from_os_error 00000001800118bc f   libucrt:errno.obj
 0001:00010904       __acrt_errno_map_os_error  0000000180011904 f   libucrt:errno.obj
 0001:00010954       __doserrno                 0000000180011954 f   libucrt:errno.obj
 0001:00010974       _errno                     0000000180011974 f   libucrt:errno.obj
 0001:000109a0       ?divide@__crt_strtox@@YA_KAEAUbig_integer@1@AEBU21@@Z 00000001800119a0 f i libucrt:strtod.obj
 0001:00010ec0       pow                        0000000180011ec0 f   libucrt:pow.obj
 0001:00012560       powf                       0000000180013560 f   libucrt:powf.obj
 0001:00013428       __strncnt                  0000000180014428 f   libucrt:strncnt.obj
 0001:00013490       _tolower_l                 0000000180014490 f   libucrt:tolower_toupper.obj
 0001:000135d0       tolower                    00000001800145d0 f   libucrt:tolower_toupper.obj
 0001:000135fc       wcscpy_s                   00000001800145fc f   libucrt:wcscpy_s.obj
 0001:00013674       strnlen                    0000000180014674 f   libucrt:strnlen.obj
 0001:000137c4       wcsnlen                    00000001800147c4 f   libucrt:strnlen.obj
 0001:0001399c       __acrt_initialize_new_handler 000000018001499c f   libucrt:new_handler.obj
 0001:000139a4       _callnewh                  00000001800149a4 f   libucrt:new_handler.obj
 0001:000139d4       _query_new_handler         00000001800149d4 f   libucrt:new_handler.obj
 0001:00013a08       _initterm                  0000000180014a08 f   libucrt:initterm.obj
 0001:00013a6c       _initterm_e                0000000180014a6c f   libucrt:initterm.obj
 0001:00013aac       _seh_filter_dll            0000000180014aac f   libucrt:exception_filter.obj
 0001:00013ac0       _seh_filter_exe            0000000180014ac0 f   libucrt:exception_filter.obj
 0001:00013eb8       __acrt_initialize_thread_local_exit_callback 0000000180014eb8 f   libucrt:exit.obj
 0001:00013ec0       _cexit                     0000000180014ec0 f   libucrt:exit.obj
 0001:00013ed0       _exit                      0000000180014ed0 f   libucrt:exit.obj
 0001:00013edc       _is_c_termination_complete 0000000180014edc f   libucrt:exit.obj
 0001:000140a8       __acrt_allocate_buffer_for_argv 00000001800150a8 f   libucrt:argv_parsing.obj
 0001:00014108       _configure_narrow_argv     0000000180015108 f   libucrt:argv_parsing.obj
 0001:00014480       __dcrt_uninitialize_environments_nolock 0000000180015480 f   libucrt:environment_initialization.obj
 0001:000144b8       _initialize_narrow_environment 00000001800154b8 f   libucrt:environment_initialization.obj
 0001:00014848       _crt_atexit                0000000180015848 f   libucrt:onexit.obj
 0001:00014858       _execute_onexit_table      0000000180015858 f   libucrt:onexit.obj
 0001:00014894       _initialize_onexit_table   0000000180015894 f   libucrt:onexit.obj
 0001:000148d4       _register_onexit_function  00000001800158d4 f   libucrt:onexit.obj
 0001:00014a5c       __acrt_initialize          0000000180015a5c f   libucrt:initialization.obj
 0001:00014a70       __acrt_thread_attach       0000000180015a70 f   libucrt:initialization.obj
 0001:00014a84       __acrt_thread_detach       0000000180015a84 f   libucrt:initialization.obj
 0001:00014a94       __acrt_uninitialize        0000000180015a94 f   libucrt:initialization.obj
 0001:00014acc       __acrt_uninitialize_critical 0000000180015acc f   libucrt:initialization.obj
 0001:00014adc       strcpy_s                   0000000180015adc f   libucrt:strcpy_s.obj
 0001:00014b4c       wcsncmp                    0000000180015b4c f   libucrt:wcsncmp.obj
 0001:00014b78       ??$parse_integer@KV?$c_string_character_source@D@__crt_strtox@@@__crt_strtox@@YAKQEAU__crt_locale_pointers@@V?$c_string_character_source@D@0@H_N@Z 0000000180015b78 f i libucrt:atox.obj
 0001:00014eb4       ??$parse_integer@KV?$c_string_character_source@_W@__crt_strtox@@@__crt_strtox@@YAKQEAU__crt_locale_pointers@@V?$c_string_character_source@_W@0@H_N@Z 0000000180015eb4 f i libucrt:atox.obj
 0001:00015568       _wtol                      0000000180016568 f   libucrt:atox.obj
 0001:000155b0       strncmp                    00000001800165b0 f   libucrt:strncmp.obj
 0001:00015678       __acrt_get_sigabrt_handler 0000000180016678 f   libucrt:signal.obj
 0001:000156a8       __acrt_initialize_signal_handlers 00000001800166a8 f   libucrt:signal.obj
 0001:000156c8       raise                      00000001800166c8 f   libucrt:signal.obj
 0001:00015948       _calloc_base               0000000180016948 f   libucrt:calloc_base.obj
 0001:00015d38       __acrt_freeptd             0000000180016d38 f   libucrt:per_thread_data.obj
 0001:00015d7c       __acrt_getptd              0000000180016d7c f   libucrt:per_thread_data.obj
 0001:00015e40       __acrt_getptd_head         0000000180016e40 f   libucrt:per_thread_data.obj
 0001:00015ee8       __acrt_getptd_noexit       0000000180016ee8 f   libucrt:per_thread_data.obj
 0001:00015fa0       __acrt_initialize_ptd      0000000180016fa0 f   libucrt:per_thread_data.obj
 0001:00015fdc       __acrt_uninitialize_ptd    0000000180016fdc f   libucrt:per_thread_data.obj
 0001:00016000       _free_base                 0000000180017000 f   libucrt:free_base.obj
 0001:00016040       _malloc_base               0000000180017040 f   libucrt:malloc_base.obj
 0001:000160a0       strtol                     00000001800170a0 f   libucrt:strtox.obj
 0001:000160cc       _mbtowc_l                  00000001800170cc f   libucrt:mbtowc.obj
 0001:00016248       mbtowc                     0000000180017248 f   libucrt:mbtowc.obj
 0001:00016250       _wctomb_s_l                0000000180017250 f   libucrt:wctomb.obj
 0001:000163d4       wctomb_s                   00000001800173d4 f   libucrt:wctomb.obj
 0001:000163e8       __acrt_update_locale_info  00000001800173e8 f   libucrt:locale_update.obj
 0001:0001641c       __acrt_update_multibyte_info 000000018001741c f   libucrt:locale_update.obj
 0001:00016e20       __acrt_fp_format           0000000180017e20 f   libucrt:cvt.obj
 0001:000170a8       _fileno                    00000001800180a8 f   libucrt:fileno.obj
 0001:000170d0       _get_printf_count_output   00000001800180d0 f   libucrt:printf_count_output.obj
 0001:000170e8       __acrt_stdio_begin_temporary_buffering_nolock 00000001800180e8 f   libucrt:_sftbuf.obj
 0001:000171b8       __acrt_stdio_end_temporary_buffering_nolock 00000001800181b8 f   libucrt:_sftbuf.obj
 0001:0001745c       __acrt_copy_locale_name    000000018001845c f   libucrt:wsetlocale.obj
 0001:000174e0       __acrt_set_locale_changed  00000001800184e0 f   libucrt:wsetlocale.obj
 0001:000174ec       __acrt_uninitialize_locale 00000001800184ec f   libucrt:wsetlocale.obj
 0001:0001751c       __lc_lctowcs               000000018001851c f   libucrt:wsetlocale.obj
 0001:000175c0       __lc_wcstolc               00000001800185c0 f   libucrt:wsetlocale.obj
 0001:00017840       _expandlocale              0000000180018840 f   libucrt:wsetlocale.obj
 0001:00017cc8       _wcscats                   0000000180018cc8 f   libucrt:wsetlocale.obj
 0001:00017d30       _wsetlocale                0000000180018d30 f   libucrt:wsetlocale.obj
 0001:00018784       __acrt_initialize_lowio    0000000180019784 f   libucrt:ioinit.obj
 0001:000187c0       __acrt_uninitialize_lowio  00000001800197c0 f   libucrt:ioinit.obj
 0001:00018800       _dsign                     0000000180019800 f   libucrt:nan.obj
 0001:00018818       _errcode                   0000000180019818 f   libucrt:fpexcept.obj
 0001:0001885c       _except1                   000000018001985c f   libucrt:fpexcept.obj
 0001:00018950       _handle_exc                0000000180019950 f   libucrt:fpexcept.obj
 0001:00018bb8       _raise_exc                 0000000180019bb8 f   libucrt:fpexcept.obj
 0001:00018be0       _raise_exc_ex              0000000180019be0 f   libucrt:fpexcept.obj
 0001:00018ef0       _raise_excf                0000000180019ef0 f   libucrt:fpexcept.obj
 0001:00018f1c       _set_errno_from_matherr    0000000180019f1c f   libucrt:fpexcept.obj
 0001:00018f4c       _umatherr                  0000000180019f4c f   libucrt:fpexcept.obj
 0001:00019020       _decomp                    000000018001a020 f   libucrt:util.obj
 0001:00019158       _sptype                    000000018001a158 f   libucrt:util.obj
 0001:000191cc       _clrfp                     000000018001a1cc f   libucrt:fpctrl.obj
 0001:000191ec       _ctrlfp                    000000018001a1ec f   libucrt:fpctrl.obj
 0001:00019268       _set_statfp                000000018001a268 f   libucrt:fpctrl.obj
 0001:00019288       _statfp                    000000018001a288 f   libucrt:fpctrl.obj
 0001:00019540       __acrt_AppPolicyGetProcessTerminationMethodInternal 000000018001a540 f   libucrt:winapi_thunks.obj
 0001:00019590       __acrt_EnumSystemLocalesEx 000000018001a590 f   libucrt:winapi_thunks.obj
 0001:00019628       __acrt_FlsAlloc            000000018001a628 f   libucrt:winapi_thunks.obj
 0001:00019670       __acrt_FlsFree             000000018001a670 f   libucrt:winapi_thunks.obj
 0001:000196b8       __acrt_FlsGetValue         000000018001a6b8 f   libucrt:winapi_thunks.obj
 0001:00019700       __acrt_FlsSetValue         000000018001a700 f   libucrt:winapi_thunks.obj
 0001:00019754       __acrt_GetLocaleInfoEx     000000018001a754 f   libucrt:winapi_thunks.obj
 0001:000197d8       __acrt_GetUserDefaultLocaleName 000000018001a7d8 f   libucrt:winapi_thunks.obj
 0001:0001983c       __acrt_InitializeCriticalSectionEx 000000018001a83c f   libucrt:winapi_thunks.obj
 0001:000198a0       __acrt_IsValidLocaleName   000000018001a8a0 f   libucrt:winapi_thunks.obj
 0001:000198f8       __acrt_LCIDToLocaleName    000000018001a8f8 f   libucrt:winapi_thunks.obj
 0001:00019968       __acrt_LCMapStringEx       000000018001a968 f   libucrt:winapi_thunks.obj
 0001:00019a44       __acrt_LocaleNameToLCID    000000018001aa44 f   libucrt:winapi_thunks.obj
 0001:00019a94       __acrt_can_use_vista_locale_apis 000000018001aa94 f   libucrt:winapi_thunks.obj
 0001:00019ac4       __acrt_eagerly_load_locale_apis 000000018001aac4 f   libucrt:winapi_thunks.obj
 0001:00019c20       __acrt_initialize_winapi_thunks 000000018001ac20 f   libucrt:winapi_thunks.obj
 0001:00019c68       __acrt_uninitialize_winapi_thunks 000000018001ac68 f   libucrt:winapi_thunks.obj
 0001:00019cac       _fcloseall                 000000018001acac f   libucrt:closeall.obj
 0001:00019d60       __acrt_stdio_free_buffer_nolock 000000018001ad60 f   libucrt:_freebuf.obj
 0001:00019e14       _close                     000000018001ae14 f   libucrt:close.obj
 0001:00019eb8       _close_nolock              000000018001aeb8 f   libucrt:close.obj
 0001:00019f74       ?__acrt_stdio_free_stream@@YAXV__crt_stdio_stream@@@Z 000000018001af74 f   libucrt:stream.obj
 0001:0001a01c       _commit                    000000018001b01c f   libucrt:commit.obj
 0001:0001a658       _write                     000000018001b658 f   libucrt:write.obj
 0001:0001a744       _write_nolock              000000018001b744 f   libucrt:write.obj
 0001:0001aa24       __acrt_stdio_refill_and_read_narrow_nolock 000000018001ba24 f   libucrt:_filbuf.obj
 0001:0001b060       _ftelli64                  000000018001c060 f   libucrt:ftell.obj
 0001:0001b068       _ftelli64_nolock           000000018001c068 f   libucrt:ftell.obj
 0001:0001b150       __acrt_stdio_flush_and_write_narrow_nolock 000000018001c150 f   libucrt:_flsbuf.obj
 0001:0001b818       _read                      000000018001c818 f   libucrt:read.obj
 0001:0001b934       _read_nolock               000000018001c934 f   libucrt:read.obj
 0001:0001bf1c       _lseeki64                  000000018001cf1c f   libucrt:lseek.obj
 0001:0001bf24       _lseeki64_nolock           000000018001cf24 f   libucrt:lseek.obj
 0001:0001bf2c       __acrt_stdio_allocate_buffer_nolock 000000018001cf2c f   libucrt:_getbuf.obj
 0001:0001c198       _mbstowcs_l                000000018001d198 f   libucrt:mbstowcs.obj
 0001:0001c1a0       _mbstowcs_s_l              000000018001d1a0 f   libucrt:mbstowcs.obj
 0001:0001c2d4       mbstowcs                   000000018001d2d4 f   libucrt:mbstowcs.obj
 0001:0001c2f0       mbstowcs_s                 000000018001d2f0 f   libucrt:mbstowcs.obj
 0001:0001c678       _wcstombs_l                000000018001d678 f   libucrt:wcstombs.obj
 0001:0001c680       _wcstombs_s_l              000000018001d680 f   libucrt:wcstombs.obj
 0001:0001c76c       _isctype_l                 000000018001d76c f   libucrt:isctype.obj
 0001:0001c9fc       __acrt_GetLocaleInfoA      000000018001d9fc f   libucrt:getlocaleinfoa.obj
 0001:0001cbc4       __acrt_GetStringTypeA      000000018001dbc4 f   libucrt:getstringtypea.obj
 0001:0001d06c       __acrt_LCMapStringA        000000018001e06c f   libucrt:lcmapstringa.obj
 0001:0001d104       _realloc_base              000000018001e104 f   libucrt:realloc_base.obj
 0001:0001d180       iswctype                   000000018001e180 f   libucrt:iswctype.obj
 0001:0001d1f0       __acrt_initialize_fma3     000000018001e1f0 f   libucrt:fma3_available.obj
 0001:0001d260       _pow_special               000000018001e260 f   libucrt:pow_special.obj
 0001:0001d384       _powf_special              000000018001e384 f   libucrt:pow_special.obj
 0001:0001d510       __acrt_MultiByteToWideChar 000000018001e510 f   libucrt:multibytetowidechar.obj
 0001:0001d56c       __acrt_WideCharToMultiByte 000000018001e56c f   libucrt:widechartomultibyte.obj
 0001:0001d604       _wcsicmp                   000000018001e604 f   libucrt:wcsicmp.obj
 0001:0001d69c       _wcsicmp_l                 000000018001e69c f   libucrt:wcsicmp.obj
 0001:0001d79c       __acrt_initialize_timeset  000000018001e79c f   libucrt:timeset.obj
 0001:0001d7e0       _isleadbyte_l              000000018001e7e0 f i libucrt:_wctype.obj
 0001:0001d820       __acrt_get_process_end_policy 000000018001e820 f   libucrt:win_policies.obj
 0001:0001ddc4       __acrt_expand_narrow_argv_wildcards 000000018001edc4 f   libucrt:argv_wildcards.obj
 0001:0001ddcc       __acrt_GetModuleFileNameA  000000018001edcc f   libucrt:getmodulefilenamea.obj
 0001:0001e574       __acrt_initialize_multibyte 000000018001f574 f   libucrt:mbctype.obj
 0001:0001e5d4       __acrt_update_thread_multibyte_data 000000018001f5d4 f   libucrt:mbctype.obj
 0001:0001e5f0       _setmbcp_nolock            000000018001f5f0 f   libucrt:mbctype.obj
 0001:0001e920       _ismbblead                 000000018001f920 f   libucrt:ismbbyte.obj
 0001:0001e934       __acrt_initialize_command_line 000000018001f934 f   libucrt:argv_data.obj
 0001:0001e95c       __dcrt_get_narrow_environment_from_os 000000018001f95c f   libucrt:get_environment_from_os.obj
 0001:0001ea60       _recalloc                  000000018001fa60 f   libucrt:recalloc.obj
 0001:0001ea68       _recalloc_base             000000018001fa68 f   libucrt:recalloc.obj
 0001:0001eb00       __acrt_initialize_heap     000000018001fb00 f   libucrt:heap_handle.obj
 0001:0001eb1c       __acrt_uninitialize_heap   000000018001fb1c f   libucrt:heap_handle.obj
 0001:0001eb28       __acrt_execute_initializers 000000018001fb28 f   libucrt:shared_initialization.obj
 0001:0001eba8       __acrt_execute_uninitializers 000000018001fba8 f   libucrt:shared_initialization.obj
 0001:0001ebe4       __acrt_has_user_matherr    000000018001fbe4 f   libucrt:matherr.obj
 0001:0001ec04       __acrt_initialize_user_matherr 000000018001fc04 f   libucrt:matherr.obj
 0001:0001ec0c       __acrt_invoke_user_matherr 000000018001fc0c f   libucrt:matherr.obj
 0001:0001ec3c       _query_new_mode            000000018001fc3c f   libucrt:new_mode.obj
 0001:0001ec44       __acrt_add_locale_ref      000000018001fc44 f   libucrt:locale_refcounting.obj
 0001:0001ecd0       __acrt_free_locale         000000018001fcd0 f   libucrt:locale_refcounting.obj
 0001:0001ee48       __acrt_locale_add_lc_time_reference 000000018001fe48 f   libucrt:locale_refcounting.obj
 0001:0001ee70       __acrt_locale_free_lc_time_if_unreferenced 000000018001fe70 f   libucrt:locale_refcounting.obj
 0001:0001eea8       __acrt_locale_release_lc_time_reference 000000018001fea8 f   libucrt:locale_refcounting.obj
 0001:0001eed0       __acrt_release_locale_ref  000000018001fed0 f   libucrt:locale_refcounting.obj
 0001:0001ef78       __acrt_update_thread_locale_data 000000018001ff78 f   libucrt:locale_refcounting.obj
 0001:0001efe8       _updatetlocinfoEx_nolock   000000018001ffe8 f   libucrt:locale_refcounting.obj
 0001:0001f050       ?__mbrtowc_utf8@__crt_mbstring@@YA_KPEA_WPEBD_KPEAU_Mbstatet@@@Z 0000000180020050 f   libucrt:mbrtowc.obj
 0001:0001f08c       ?__mbsrtowcs_utf8@__crt_mbstring@@YA_KPEA_WPEAPEBD_KPEAU_Mbstatet@@@Z 000000018002008c f   libucrt:mbrtowc.obj
 0001:0001f204       __acrt_fp_strflt_to_string 0000000180020204 f   libucrt:_fptostr.obj
 0001:0001f2e8       __acrt_fltout              00000001800202e8 f   libucrt:cfout.obj
 0001:000205c0       _isatty                    00000001800215c0 f   libucrt:isatty.obj
 0001:00020620       __acrt_locale_free_monetary 0000000180021620 f   libucrt:initmon.obj
 0001:0002072c       __acrt_locale_initialize_monetary 000000018002172c f   libucrt:initmon.obj
 0001:00020c60       __acrt_locale_free_numeric 0000000180021c60 f   libucrt:initnum.obj
 0001:00020ccc       __acrt_locale_initialize_numeric 0000000180021ccc f   libucrt:initnum.obj
 0001:00021348       __acrt_locale_free_time    0000000180022348 f   libucrt:inittime.obj
 0001:00021450       __acrt_locale_initialize_time 0000000180022450 f   libucrt:inittime.obj
 0001:000214ec       wcscat_s                   00000001800224ec f   libucrt:wcscat_s.obj
 0001:00021578       wcsncpy_s                  0000000180022578 f   libucrt:wcsncpy_s.obj
 0001:0002166c       wcscspn                    000000018002266c f   libucrt:wcscspn.obj
 0001:000216ac       wcspbrk                    00000001800226ac f   libucrt:wcspbrk.obj
 0001:00021f6c       __acrt_get_qualified_locale 0000000180022f6c f   libucrt:get_qualified_locale.obj
 0001:000229b0       __acrt_get_qualified_locale_downlevel 00000001800239b0 f   libucrt:getqloc_downlevel.obj
 0001:00022c30       __acrt_lowio_create_handle_array 0000000180023c30 f   libucrt:osfinfo.obj
 0001:00022cc8       __acrt_lowio_destroy_handle_array 0000000180023cc8 f   libucrt:osfinfo.obj
 0001:00022d18       __acrt_lowio_ensure_fh_exists 0000000180023d18 f   libucrt:osfinfo.obj
 0001:00022dc0       __acrt_lowio_lock_fh       0000000180023dc0 f   libucrt:osfinfo.obj
 0001:00022de4       __acrt_lowio_unlock_fh     0000000180023de4 f   libucrt:osfinfo.obj
 0001:00022e08       _free_osfhnd               0000000180023e08 f   libucrt:osfinfo.obj
 0001:00022ec4       _get_osfhandle             0000000180023ec4 f   libucrt:osfinfo.obj
 0001:00022f50       _get_fpsr                  0000000180023f50 f   libucrt:fpsr.obj
 0001:00022f60       _set_fpsr                  0000000180023f60 f   libucrt:fpsr.obj
 0001:00022f6a       _fclrf                     0000000180023f6a f   libucrt:fpsr.obj
 0001:00022f7e       _frnd                      0000000180023f7e f   libucrt:fpsr.obj
 0001:00023088       __acrt_DownlevelLCIDToLocaleName 0000000180024088 f   libucrt:lcidtoname_downlevel.obj
 0001:00023170       __acrt_DownlevelLocaleNameToLCID 0000000180024170 f   libucrt:lcidtoname_downlevel.obj
 0001:000231a4       _putwch_nolock             00000001800241a4 f   libucrt:putwch.obj
 0001:000231e0       ?__wcsrtombs_utf8@__crt_mbstring@@YA_KPEADPEAPEB_W_KPEAU_Mbstatet@@@Z 00000001800241e0 f   libucrt:wcrtomb.obj
 0001:000232fc       strncpy_s                  00000001800242fc f   libucrt:strncpy_s.obj
 0001:000233e4       __acrt_GetStringTypeW      00000001800243e4 f   libucrt:getstringtypew.obj
 0001:000233ec       __acrt_fenv_get_control    00000001800243ec f   libucrt:_fenvutils.obj
 0001:000234ec       __acrt_fenv_get_status     00000001800244ec f   libucrt:_fenvutils.obj
 0001:00023544       __acrt_fenv_set_control    0000000180024544 f   libucrt:_fenvutils.obj
 0001:0002368c       __acrt_fenv_set_status     000000018002468c f   libucrt:_fenvutils.obj
 0001:00023834       _handle_error              0000000180024834 f   libucrt:libm_error.obj
 0001:0002395c       _handle_errorf             000000018002495c f   libucrt:libm_error.obj
 0001:00023a90       _handle_nan                0000000180024a90 f   libucrt:libm_error.obj
 0001:00023aac       _handle_nanf               0000000180024aac f   libucrt:libm_error.obj
 0001:00023abc       _towlower_l                0000000180024abc f   libucrt:towlower.obj
 0001:00023b80       qsort                      0000000180024b80 f   libucrt:qsort.obj
[...]
 0004:00001e30       $pdata$LanguageEnumProc    0000000180043e30     libucrt:getqloc_downlevel.obj
 0004:00001e3c       $pdata$ProcessCodePage     0000000180043e3c     libucrt:getqloc_downlevel.obj
 0004:00001e48       $pdata$TestDefaultLanguage 0000000180043e48     libucrt:getqloc_downlevel.obj
 0004:00001e54       $pdata$TranslateName       0000000180043e54     libucrt:getqloc_downlevel.obj
 0004:00001e60       $pdata$__acrt_get_qualified_locale_downlevel 0000000180043e60     libucrt:getqloc_downlevel.obj
 0004:00001e6c       $pdata$__acrt_lowio_create_handle_array 0000000180043e6c     libucrt:osfinfo.obj
 0004:00001e78       $pdata$__acrt_lowio_destroy_handle_array 0000000180043e78     libucrt:osfinfo.obj
 0004:00001e84       $pdata$__acrt_lowio_ensure_fh_exists 0000000180043e84     libucrt:osfinfo.obj
 0004:00001e90       $pdata$_free_osfhnd        0000000180043e90     libucrt:osfinfo.obj
 0004:00001e9c       $pdata$_get_osfhandle      0000000180043e9c     libucrt:osfinfo.obj
 0004:00001eb4       $pdata$?GetTableIndexFromLocaleName@@YAHPEB_W@Z 0000000180043eb4     libucrt:lcidtoname_downlevel.obj
 0004:00001ec0       $pdata$__acrt_DownlevelLCIDToLocaleName 0000000180043ec0     libucrt:lcidtoname_downlevel.obj
 0004:00001ecc       $pdata$__acrt_DownlevelLocaleNameToLCID 0000000180043ecc     libucrt:lcidtoname_downlevel.obj
 0004:00001ed8       $pdata$_putwch_nolock      0000000180043ed8     libucrt:putwch.obj
 0004:00001ee4       $pdata$?__wcsrtombs_utf8@__crt_mbstring@@YA_KPEADPEAPEB_W_KPEAU_Mbstatet@@@Z 0000000180043ee4     libucrt:wcrtomb.obj
 0004:00001ef0       $pdata$strncpy_s           0000000180043ef0     libucrt:strncpy_s.obj
 0004:00001efc       $pdata$__acrt_fenv_set_control 0000000180043efc     libucrt:_fenvutils.obj
 0004:00001f08       $pdata$_call_matherr       0000000180043f08     libucrt:libm_error.obj
 0004:00001f14       $pdata$_exception_enabled  0000000180043f14     libucrt:libm_error.obj
 0004:00001f20       $pdata$_handle_error       0000000180043f20     libucrt:libm_error.obj
 0004:00001f2c       $pdata$_handle_errorf      0000000180043f2c     libucrt:libm_error.obj
 0004:00001f38       $pdata$_towlower_l         0000000180043f38     libucrt:towlower.obj
 0004:00001f44       $pdata$qsort               0000000180043f44     libucrt:qsort.obj
 0004:00001f50       $pdata$4$qsort             0000000180043f50     libucrt:qsort.obj
 0004:00001f5c       $pdata$5$qsort             0000000180043f5c     libucrt:qsort.obj
 0004:00001f68       $pdata$fallbackMethod      0000000180043f68     libucrt:strpbrk.obj
 0004:00001f74       $pdata$strpbrk             0000000180043f74     libucrt:strpbrk.obj
 0004:00001f80       $pdata$??$__acrt_convert_wcs_mbs@D_W$$A6A_KPEA_WPEBD_KPEAU__crt_locale_pointers@@@ZU__crt_win32_buffer_internal_dynamic_resizing@@@@YAHQEBDAEAV?$__crt_win32_buffer@_WU__crt_win32_buffer_internal_dynamic_resizing@@@@A6A_KPEA_WPEBD_KPEAU__crt_locale_pointers@@@Z5@Z 0000000180043f80     libucrt:findfirstfileexa.obj
 0004:00001f8c       $pdata$__acrt_FindFirstFileExA 0000000180043f8c     libucrt:findfirstfileexa.obj
 0004:00001f98       $pdata$??$__acrt_convert_wcs_mbs@_WD$$A6A_KPEADPEB_W_KPEAU__crt_locale_pointers@@@ZU__crt_win32_buffer_no_resizing@@@@YAHQEB_WAEAV?$__crt_win32_buffer@DU__crt_win32_buffer_no_resizing@@@@A6A_KPEADPEB_W_KPEAU__crt_locale_pointers@@@Z5@Z 0000000180043f98     libucrt:findnextfilea.obj
 0004:00001fa4       $pdata$__acrt_FindNextFileA 0000000180043fa4     libucrt:findnextfilea.obj
 0004:00001fb0       $pdata$_mbsdec_l           0000000180043fb0     libucrt:mbsdec.obj
 0004:00001fbc       $pdata$?initialize_multibyte@@YAHXZ 0000000180043fbc     libucrt:multibyte_initializer.obj
 0004:00001fc8       $pdata$_msize_base         0000000180043fc8     libucrt:msize.obj
 0004:00001fd4       $pdata$?__mbrtoc32_utf8@__crt_mbstring@@YA_KPEA_UPEBD_KPEAU_Mbstatet@@@Z 0000000180043fd4     libucrt:mbrtoc32.obj
 0004:00001fe0       $pdata$fegetenv            0000000180043fe0     libucrt:fegetenv.obj
 0004:00001fec       $pdata$fesetenv            0000000180043fec     libucrt:fesetenv.obj
 0004:00001ff8       $pdata$feholdexcept        0000000180043ff8     libucrt:feholdexcept.obj
 0004:00002010       $pdata$??$common_xtox@K_W@@YAHKQEA_W_KI_N@Z 0000000180044010     libucrt:xtoa.obj
 0004:0000201c       $pdata$??$common_xtox_s@K_W@@YAHKQEA_W_KI_N@Z 000000018004401c     libucrt:xtoa.obj
 0004:00002028       $pdata$_itow_s             0000000180044028     libucrt:xtoa.obj
 0004:00002034       $pdata$_wcsnicmp           0000000180044034     libucrt:wcsnicmp.obj
 0004:00002040       $pdata$_wcsnicmp_l         0000000180044040     libucrt:wcsnicmp.obj
 0004:0000204c       $pdata$__dcrt_lowio_ensure_console_output_initialized 000000018004404c     libucrt:initcon.obj
 0004:00002058       $pdata$__dcrt_terminate_console_output 0000000180044058     libucrt:initcon.obj
 0004:00002064       $pdata$__dcrt_write_console 0000000180044064     libucrt:initcon.obj
 0004:00002070       $pdata$?__c16rtomb_utf8@__crt_mbstring@@YA_KPEAD_SPEAU_Mbstatet@@@Z 0000000180044070     libucrt:c16rtomb.obj
 0004:0000207c       $pdata$__acrt_LCMapStringW 000000018004407c     libucrt:lcmapstringw.obj
 0004:00002088       $pdata$_clearfp            0000000180044088     libucrt:ieee.obj
 0004:00002094       $pdata$_log10_special      0000000180044094     libucrt:log_special.obj
 0004:000020a0       $pdata$_log_special_common 00000001800440a0     libucrt:log_special.obj
 0004:000020ac       $pdata$?__c32rtomb_utf8@__crt_mbstring@@YA_KPEAD_UPEAU_Mbstatet@@@Z 00000001800440ac     libucrt:c32rtomb.obj
 0004:000020b8       $pdata$?DloadAcquireSectionWriteAccess@@YAXXZ 00000001800440b8     DelayImp:delayhlp.obj
 0004:000020c4       $pdata$?DloadGetSRWLockFunctionPointers@@YAEXZ 00000001800440c4     DelayImp:delayhlp.obj
 0004:000020d0       $pdata$?DloadMakePermanentImageCommit@@YAXPEAX_K@Z 00000001800440d0     DelayImp:delayhlp.obj
 0004:000020dc       $pdata$?DloadObtainSection@@YAPEAXPEAK0@Z 00000001800440dc     DelayImp:delayhlp.obj
 0004:000020e8       $pdata$?DloadProtectSection@@YAXKPEAK@Z 00000001800440e8     DelayImp:delayhlp.obj
 0004:000020f4       $pdata$?DloadReleaseSectionWriteAccess@@YAXXZ 00000001800440f4     DelayImp:delayhlp.obj
 0004:00002100       $pdata$__delayLoadHelper2  0000000180044100     DelayImp:delayhlp.obj
 0004:0000210c       $pdata$_IsNonwritableInCurrentImage 000000018004410c     LIBCMT:pesect.obj
 0004:00002118       $pdata$_local_unwind       0000000180044118     libvcruntime:_jmpuwind_.obj
 0004:00002124       $pdata$strrchr             0000000180044124     libvcruntime:strrchr.obj
 0004:00002130       $pdata$wcschr              0000000180044130     libvcruntime:wcschr.obj
 0004:00002148       $pdata$?dtor$0@?0???0?$basic_ostream@DU?$char_traits@D@std@@@std@@QEAA@PEAV?$basic_streambuf@DU?$char_traits@D@std@@@1@_N@Z@4HA 0000000180044148     libcpmt:cout.obj
 0004:00002154       $pdata$?dtor$0@?0??_Getcat@?$codecvt@DDU_Mbstatet@@@std@@SA_KPEAPEBVfacet@locale@2@PEBV42@@Z@4HA 0000000180044154     libcpmt:cout.obj
 0004:00002160       $pdata$?catch$0@?0??ConvertBSTRToString@_com_util@@YAPEADPEA_W@Z@4HA 0000000180044160     comsuppw:comutil.obj
 0004:0000216c       $pdata$?fin$0@?0??dllmain_crt_process_attach@@YAHQEAUHINSTANCE__@@QEAX@Z@4HA 000000018004416c     LIBCMT:dll_dllmain.obj
 0004:00002178       $pdata$?fin$0@?0??dllmain_crt_process_detach@@YAH_N@Z@4HA 0000000180044178     LIBCMT:dll_dllmain.obj
 0004:00002184       $pdata$?filt$0@?0??dllmain_dispatch@@YAHQEAUHINSTANCE__@@KQEAX@Z@4HA 0000000180044184     LIBCMT:dll_dllmain.obj
 0004:00002190       $pdata$__scrt_is_nonwritable_in_current_image$filt$0 0000000180044190     LIBCMT:utility.obj
 0004:0000219c       $pdata$?filt$0@?0???$_CallSETranslator@V__FrameHandler3@@@@YAHPEAUEHExceptionRecord@@PEA_KPEAU_CONTEXT@@PEAU_xDISPATCHER_CONTEXT@@PEBU_s_FuncInfo@@K1@Z@4HA 000000018004419c     libvcruntime:risctrnsctrl.obj
 0004:000021a8       $pdata$__DestructExceptionObject$filt$0 00000001800441a8     libvcruntime:ehhelpers.obj
 0004:000021b4       $pdata$?filt$0@?0??CxxCallCatchBlock@__FrameHandler3@@SAPEAXPEAU_EXCEPTION_RECORD@@@Z@4HA 00000001800441b4     libvcruntime:frame.obj
 0004:000021c0       $pdata$?fin$1@?0??CxxCallCatchBlock@__FrameHandler3@@SAPEAXPEAU_EXCEPTION_RECORD@@@Z@4HA 00000001800441c0     libvcruntime:frame.obj
 0004:000021cc       $pdata$?filt$0@?0??FrameUnwindToState@__FrameHandler3@@SAXPEA_KPEAU_xDISPATCHER_CONTEXT@@PEBU_s_FuncInfo@@H@Z@4HA 00000001800441cc     libvcruntime:frame.obj
 0004:000021d8       $pdata$?fin$1@?0??FrameUnwindToState@__FrameHandler3@@SAXPEA_KPEAU_xDISPATCHER_CONTEXT@@PEBU_s_FuncInfo@@H@Z@4HA 00000001800441d8     libvcruntime:frame.obj
 0004:000021e4       $pdata$?fin$0@?0???$common_ftell@_J@@YA_JV__crt_stdio_stream@@@Z@4HA 00000001800441e4     libucrt:ftell.obj
 0004:000021e4       $pdata$?fin$0@?0??common_fseek@@YAHV__crt_stdio_stream@@_JH@Z@4HA 00000001800441e4     libucrt:fseek.obj
 0004:000021e4       $pdata$fclose$fin$0        00000001800441e4     libucrt:fclose.obj
 0004:000021f0       $pdata$?fin$0@?0???$?RV<lambda_842d9ff0dc9ef11c61343bbaebe7f885>@@AEAV<lambda_c5860995281e5c4ce005b3de8f5874ee>@@V<lambda_d90129c13df834fdcbf8d2b88dafcf2d>@@@?$__crt_seh_guarded_call@X@@QEAAX$$QEAV<lambda_842d9ff0dc9ef11c61343bbaebe7f885>@@AEAV<lambda_c5860995281e5c4ce005b3de8f5874ee>@@$$QEAV<lambda_d90129c13df834fdcbf8d2b88dafcf2d>@@@Z@4HA 00000001800441f0     libucrt:fflush.obj
 0004:000021f0       $pdata$?fin$0@?0???$?RV<lambda_bdbcead8b570fa3d5ec6d9679862a6e5>@@AEAV<lambda_96f4279ff90247a4c5c5d9824f56f8c1>@@V<lambda_4606be27f17b5e5579e09050fab91818>@@@?$__crt_seh_guarded_call@_K@@QEAA_K$$QEAV<lambda_bdbcead8b570fa3d5ec6d9679862a6e5>@@AEAV<lambda_96f4279ff90247a4c5c5d9824f56f8c1>@@$$QEAV<lambda_4606be27f17b5e5579e09050fab91818>@@@Z@4HA 00000001800441f0     libucrt:fwrite.obj
 0004:000021f0       $pdata$?fin$0@?0???$?RV<lambda_84ec643ea9557e2f7dc01bb0e9624395>@@AEAV<lambda_ca71763b3c0644891230e4f79ea54fa6>@@V<lambda_439a761618c59b0600e24586724d733b>@@@?$__crt_seh_guarded_call@H@@QEAAH$$QEAV<lambda_84ec643ea9557e2f7dc01bb0e9624395>@@AEAV<lambda_ca71763b3c0644891230e4f79ea54fa6>@@$$QEAV<lambda_439a761618c59b0600e24586724d733b>@@@Z@4HA 00000001800441f0     libucrt:setvbuf.obj
 0004:000021f0       $pdata$?fin$0@?0???$?RV<lambda_c376a267cfb53b6959b3b692ec76b120>@@AEAV<lambda_9a32fed5bf61b6b509b2d3f6003082a1>@@V<lambda_572fbb9fa0ab338edf41edfd4b5fcc8d>@@@?$__crt_seh_guarded_call@H@@QEAAH$$QEAV<lambda_c376a267cfb53b6959b3b692ec76b120>@@AEAV<lambda_9a32fed5bf61b6b509b2d3f6003082a1>@@$$QEAV<lambda_572fbb9fa0ab338edf41edfd4b5fcc8d>@@@Z@4HA 00000001800441f0     libucrt:fflush.obj
 0004:000021fc       $pdata$?fin$0@?0???$?RV<lambda_886d6c58226a84441f68b9f2b8217b83>@@AEAV<lambda_ab61a845afdef5b7c387490eaf3616ee>@@V<lambda_f7f22ab5edc0698d5f6905b0d3f44752>@@@?$__crt_seh_guarded_call@X@@QEAAX$$QEAV<lambda_886d6c58226a84441f68b9f2b8217b83>@@AEAV<lambda_ab61a845afdef5b7c387490eaf3616ee>@@$$QEAV<lambda_f7f22ab5edc0698d5f6905b0d3f44752>@@@Z@4HA 00000001800441fc     libucrt:fflush.obj
 0004:00002208       $pdata$fgetc$fin$0         0000000180044208     libucrt:fgetc.obj
 0004:00002214       $pdata$fputc$fin$0         0000000180044214     libucrt:fputc.obj
 0004:00002220       $pdata$fread_s$fin$0       0000000180044220     libucrt:fread.obj
 0004:0000222c       $pdata$ungetc$fin$0        000000018004422c     libucrt:ungetc.obj
 0004:00002238       $pdata$?fin$0@?0???$?RV<lambda_1d892b297fdedeee07ed8124eeb2f2fa>@@AEAV<lambda_ffc046909424fd52df0ac47e64813305>@@V<lambda_01a7098693036236037e7cdb9bca3d73>@@@?$__crt_seh_guarded_call@X@@QEAAX$$QEAV<lambda_1d892b297fdedeee07ed8124eeb2f2fa>@@AEAV<lambda_ffc046909424fd52df0ac47e64813305>@@$$QEAV<lambda_01a7098693036236037e7cdb9bca3d73>@@@Z@4HA 0000000180044238     libucrt:wsetlocale.obj
 0004:00002238       $pdata$?fin$0@?0???$?RV<lambda_450d765d439847d4c735a33c368b5fc0>@@AEAV<lambda_44731a7d0e6d81c3e6aa82d741081786>@@V<lambda_601a2a7da3b7a96e9554ac7215c4b07c>@@@?$__crt_seh_guarded_call@P6AXH@Z@@QEAAP6AXH@Z$$QEAV<lambda_450d765d439847d4c735a33c368b5fc0>@@AEAV<lambda_44731a7d0e6d81c3e6aa82d741081786>@@$$QEAV<lambda_601a2a7da3b7a96e9554ac7215c4b07c>@@@Z@4HA 0000000180044238     libucrt:signal.obj
 0004:00002238       $pdata$?fin$0@?0???$?RV<lambda_9bd929c17696992ce54f1d748594fc62>@@AEAV<lambda_082c17da81b0962e08c0587ee0fac50c>@@V<lambda_9c08ac857f4975304d44e9f601d9b878>@@@?$__crt_seh_guarded_call@PEAD@@QEAAPEAD$$QEAV<lambda_9bd929c17696992ce54f1d748594fc62>@@AEAV<lambda_082c17da81b0962e08c0587ee0fac50c>@@$$QEAV<lambda_9c08ac857f4975304d44e9f601d9b878>@@@Z@4HA 0000000180044238     libucrt:setlocale.obj
 0004:00002238       $pdata$?fin$0@?0???$?RV<lambda_f2e299630e499de9f9a165e60fcd3db5>@@AEAV<lambda_2ae9d31cdba2644fcbeaf08da7c24588>@@V<lambda_40d01ff24d0e7b3814fdbdcee8eab3c7>@@@?$__crt_seh_guarded_call@X@@QEAAX$$QEAV<lambda_f2e299630e499de9f9a165e60fcd3db5>@@AEAV<lambda_2ae9d31cdba2644fcbeaf08da7c24588>@@$$QEAV<lambda_40d01ff24d0e7b3814fdbdcee8eab3c7>@@@Z@4HA 0000000180044238     libucrt:per_thread_data.obj
 0004:00002238       $pdata$?fin$0@?0???$?RV<lambda_aa87e3671a710a21b5dc78c0bdf72e11>@@AEAV<lambda_92619d2358a28f41a33ba319515a20b9>@@V<lambda_6992ecaafeb10aed2b74cb1fae11a551>@@@?$__crt_seh_guarded_call@X@@QEAAX$$QEAV<lambda_aa87e3671a710a21b5dc78c0bdf72e11>@@AEAV<lambda_92619d2358a28f41a33ba319515a20b9>@@$$QEAV<lambda_6992ecaafeb10aed2b74cb1fae11a551>@@@Z@4HA 0000000180044238     libucrt:per_thread_data.obj
 0004:00002238       $pdata$?fin$0@?0???$?RV<lambda_efdfa57d1f175319df784efa44bb7b81>@@AEAV<lambda_5f0a4c1567f8adc6734073e5d1e1b35c>@@V<lambda_2e8a7d3640ea6ccb4c2413664c2db6fd>@@@?$__crt_seh_guarded_call@X@@QEAAX$$QEAV<lambda_efdfa57d1f175319df784efa44bb7b81>@@AEAV<lambda_5f0a4c1567f8adc6734073e5d1e1b35c>@@$$QEAV<lambda_2e8a7d3640ea6ccb4c2413664c2db6fd>@@@Z@4HA 0000000180044238     libucrt:mbctype.obj
 0004:00002238       $pdata$?fin$0@?0???$?RV<lambda_0ae27a3a962d80f24befdcbee591983d>@@AEAV<lambda_8d0ee55de4b1038c4002e0adecdf1839>@@V<lambda_dc504788e8f1664fe9b84e20bfb512f2>@@@?$__crt_seh_guarded_call@X@@QEAAX$$QEAV<lambda_0ae27a3a962d80f24befdcbee591983d>@@AEAV<lambda_8d0ee55de4b1038c4002e0adecdf1839>@@$$QEAV<lambda_dc504788e8f1664fe9b84e20bfb512f2>@@@Z@4HA 0000000180044238     libucrt:per_thread_data.obj
 0004:00002238       $pdata$?fin$0@?0???$?RV<lambda_d80eeec6fff315bfe5c115232f3240e3>@@AEAV<lambda_6e4b09c48022b2350581041d5f6b0c4c>@@V<lambda_2358e3775559c9db80273638284d5e45>@@@?$__crt_seh_guarded_call@X@@QEAAX$$QEAV<lambda_d80eeec6fff315bfe5c115232f3240e3>@@AEAV<lambda_6e4b09c48022b2350581041d5f6b0c4c>@@$$QEAV<lambda_2358e3775559c9db80273638284d5e45>@@@Z@4HA 0000000180044238     libucrt:exit.obj
 0004:00002238       $pdata$?fin$0@?0???$?RV<lambda_8369fcb7c4df1e85de37618bd2b85f07>@@AEAV<lambda_a10e4b102d4a2c3aac6f4f48bbdf488f>@@V<lambda_5b7707bd6d7a0c4713179f36c7fd995d>@@@?$__crt_seh_guarded_call@H@@QEAAH$$QEAV<lambda_8369fcb7c4df1e85de37618bd2b85f07>@@AEAV<lambda_a10e4b102d4a2c3aac6f4f48bbdf488f>@@$$QEAV<lambda_5b7707bd6d7a0c4713179f36c7fd995d>@@@Z@4HA 0000000180044238     libucrt:onexit.obj
 0004:00002238       $pdata$?fin$0@?0???$?RV<lambda_7777bce6b2f8c936911f934f8298dc43>@@AEAV<lambda_f03950bc5685219e0bcd2087efbe011e>@@V<lambda_3883c3dff614d5e0c5f61bb1ac94921c>@@@?$__crt_seh_guarded_call@H@@QEAAH$$QEAV<lambda_7777bce6b2f8c936911f934f8298dc43>@@AEAV<lambda_f03950bc5685219e0bcd2087efbe011e>@@$$QEAV<lambda_3883c3dff614d5e0c5f61bb1ac94921c>@@@Z@4HA 0000000180044238     libucrt:onexit.obj
 0004:00002238       $pdata$?fin$0@?0???$?RV<lambda_bd00b5aa228bd7e7e5b2b5db5fd2933b>@@AEAV<lambda_777d11615145f89ee95b9466d285deeb>@@V<lambda_6e5e48fbd24f9f8f81b203eb3d877683>@@@?$__crt_seh_guarded_call@H@@QEAAH$$QEAV<lambda_bd00b5aa228bd7e7e5b2b5db5fd2933b>@@AEAV<lambda_777d11615145f89ee95b9466d285deeb>@@$$QEAV<lambda_6e5e48fbd24f9f8f81b203eb3d877683>@@@Z@4HA 0000000180044238     libucrt:winapi_thunks.obj
 0004:00002238       $pdata$?fin$0@?0???$?RV<lambda_2d41944a1d46af3157314b8a01080d33>@@AEAV<lambda_8f455de75cd7d7f24b4096f044d8b9e6>@@V<lambda_aa500f224e6afead328df44964fe2772>@@@?$__crt_seh_guarded_call@X@@QEAAX$$QEAV<lambda_2d41944a1d46af3157314b8a01080d33>@@AEAV<lambda_8f455de75cd7d7f24b4096f044d8b9e6>@@$$QEAV<lambda_aa500f224e6afead328df44964fe2772>@@@Z@4HA 0000000180044238     libucrt:per_thread_data.obj
 0004:00002244       $pdata$_query_new_handler$fin$0 0000000180044244     libucrt:new_handler.obj
 0004:00002250       $pdata$?filt$0@?0???R<lambda_6e4b09c48022b2350581041d5f6b0c4c>@@QEBA@XZ@4HA 0000000180044250     libucrt:exit.obj
 0004:0000225c       $pdata$raise$fin$0         000000018004425c     libucrt:signal.obj
 0004:00002268       $pdata$?fin$0@?0???$?RV<lambda_410d79af7f07d98d83a3f525b3859a53>@@AEAV<lambda_3e16ef9562a7dcce91392c22ab16ea36>@@V<lambda_38119f0e861e05405d8a144b9b982f0a>@@@?$__crt_seh_guarded_call@X@@QEAAX$$QEAV<lambda_410d79af7f07d98d83a3f525b3859a53>@@AEAV<lambda_3e16ef9562a7dcce91392c22ab16ea36>@@$$QEAV<lambda_38119f0e861e05405d8a144b9b982f0a>@@@Z@4HA 0000000180044268     libucrt:wsetlocale.obj
 0004:00002274       $pdata$?fin$0@?0???$?RV<lambda_7f2adfce497ff2baa965cd4f576ecfd1>@@AEAV<lambda_2a444430fde8c29194d880d93eed5e8f>@@AEAV<lambda_8dff2cf36a5417162780cd64fa2883ef>@@@?$__crt_seh_guarded_call@X@@QEAAX$$QEAV<lambda_7f2adfce497ff2baa965cd4f576ecfd1>@@AEAV<lambda_2a444430fde8c29194d880d93eed5e8f>@@AEAV<lambda_8dff2cf36a5417162780cd64fa2883ef>@@@Z@4HA 0000000180044274     libucrt:wsetlocale.obj
 0004:00002280       $pdata$__acrt_lowio_ensure_fh_exists$fin$0 0000000180044280     libucrt:osfinfo.obj
 0004:00002280       $pdata$__acrt_initialize_lowio$fin$0 0000000180044280     libucrt:ioinit.obj
 0004:0000228c       $pdata$_ctrlfp$filt$0      000000018004428c     libucrt:fpctrl.obj
 0004:00002298       $pdata$_fcloseall$fin$0    0000000180044298     libucrt:closeall.obj
 0004:000022a4       $pdata$?fin$0@?0???$?RV<lambda_751a882b2c74d4b022dec766aa51a29a>@@AEAV<lambda_628dfdc04ba53c8bfc02c9951375f3f5>@@V<lambda_f6c7be5f7998530c34de24c7437d6b54>@@@?$__crt_seh_guarded_call@H@@QEAAH$$QEAV<lambda_751a882b2c74d4b022dec766aa51a29a>@@AEAV<lambda_628dfdc04ba53c8bfc02c9951375f3f5>@@$$QEAV<lambda_f6c7be5f7998530c34de24c7437d6b54>@@@Z@4HA 00000001800442a4     libucrt:close.obj
 0004:000022a4       $pdata$?fin$0@?0???$?RV<lambda_a37b2b86f63e897a80ea819b0eb08c01>@@AEAV<lambda_38ce7e780aa69e748d6df282ebc68efe>@@V<lambda_99fb1378e971ab6e7edea83e3a7a83a2>@@@?$__crt_seh_guarded_call@H@@QEAAH$$QEAV<lambda_a37b2b86f63e897a80ea819b0eb08c01>@@AEAV<lambda_38ce7e780aa69e748d6df282ebc68efe>@@$$QEAV<lambda_99fb1378e971ab6e7edea83e3a7a83a2>@@@Z@4HA 00000001800442a4     libucrt:commit.obj
 0004:000022b0       $pdata$?fin$0@?0???$common_lseek@_J@@YA_JH_JH@Z@4HA 00000001800442b0     libucrt:lseek.obj
 0004:000022b0       $pdata$_write$fin$0        00000001800442b0     libucrt:write.obj
 0004:000022bc       $pdata$_read$fin$0         00000001800442bc     libucrt:read.obj
 0004:000022c8       $pdata$?fin$0@?0??update_thread_multibyte_data_internal@@YAPEAU__crt_multibyte_data@@QEAU__acrt_ptd@@QEAPEAU1@@Z@4HA 00000001800442c8     libucrt:mbctype.obj
 0004:000022d4       $pdata$__acrt_update_thread_locale_data$fin$0 00000001800442d4     libucrt:locale_refcounting.obj
 0004:000022e0       $pdata$_IsNonwritableInCurrentImage$filt$0 00000001800442e0     LIBCMT:pesect.obj
 0004:000022ec       $pdata$??__Fcout@std@@YAXXZ 00000001800442ec     libcpmt:cout.obj
 0004:000022f8       $pdata$??__Fclassic_locale@std@@YAXXZ 00000001800442f8     libcpmt:locale0.obj
 0004:00002304       $pdata$??__Finit_atexit@@YAXXZ 0000000180044304     libcpmt:iosptrs.obj
 0005:00000060       $R000000                   0000000180045060     * linker generated manifest res *

 Exports

  ordinal    name

        1    _register_addon_
